<6>[    0.000000] Initializing cgroup subsys cpu
<6>[    0.000000] Initializing cgroup subsys cpuacct
<5>[    0.000000] Linux version 3.14.0-gcf5a73d (lyan7@shbuild555) (gcc version 4.6.3 (Ubuntu/Linaro 4.6.3-1ubuntu5) ) #1 SMP PREEMPT Thu Jul 9 13:14:07 CST 2015
<6>[    0.000000] e820: BIOS-provided physical RAM map:
<6>[    0.000000] BIOS-e820: [mem 0x0000000000000000-0x000000001bbfffff] usable
<6>[    0.000000] BIOS-e820: [mem 0x000000001bc00000-0x000000001fffffff] reserved
<6>[    0.000000] BIOS-e820: [mem 0x0000000020000000-0x000000003fffffff] usable
<6>[    0.000000] bootconsole [earlyxgold0] enabled
<6>[    0.000000] NX (Execute Disable) protection: active
<7>[    0.000000] e820: update [mem 0x00600000-0x00631e34] usable ==> usable
<6>[    0.000000] extended physical RAM map:
<6>[    0.000000] reserve setup_data: [mem 0x0000000000000000-0x00000000005fffff] usable
<6>[    0.000000] reserve setup_data: [mem 0x0000000000600000-0x0000000000631e34] usable
<6>[    0.000000] reserve setup_data: [mem 0x0000000000631e35-0x000000001bbfffff] usable
<6>[    0.000000] reserve setup_data: [mem 0x000000001bc00000-0x000000001fffffff] reserved
<6>[    0.000000] reserve setup_data: [mem 0x0000000020000000-0x000000003fffffff] usable
<7>[    0.000000] e820: update [mem 0x00000000-0x00000fff] usable ==> reserved
<7>[    0.000000] e820: remove [mem 0x000a0000-0x000fffff] usable
<6>[    0.000000] e820: last_pfn = 0x40000 max_arch_pfn = 0x1000000
<7>[    0.000000] MTRR default type: uncachable
<7>[    0.000000] MTRR variable ranges enabled:
<7>[    0.000000]   0 base 000000000 mask 0C0000000 write-back
<7>[    0.000000]   1 base 040000000 mask 0C0000000 write-back
<7>[    0.000000]   2 base 0FFF00000 mask 0FFFE0000 write-back
<7>[    0.000000]   3 base 0FFFC0000 mask 0FFFC0000 write-back
<7>[    0.000000]   4 disabled
<7>[    0.000000]   5 disabled
<7>[    0.000000]   6 disabled
<7>[    0.000000]   7 disabled
<6>[    0.000000] x86 PAT enabled: cpu 0, old 0x7050400070106, new 0x7010600070106
<7>[    0.000000] e820: update [mem 0x80000000-0xffefffff] usable ==> reserved
<7>[    0.000000] e820: update [mem 0xfff20000-0xfffbffff] usable ==> reserved
<7>[    0.000000] initial memory mapped: [mem 0x00000000-0x01ffffff]
<7>[    0.000000] Base memory trampoline at [8009c000] 9c000 size 16384
<6>[    0.000000] init_memory_mapping: [mem 0x00000000-0x000fffff]
<7>[    0.000000]  [mem 0x00000000-0x000fffff] page 4k
<6>[    0.000000] init_memory_mapping: [mem 0x3fe00000-0x3fffffff]
<7>[    0.000000]  [mem 0x3fe00000-0x3fffffff] page 2M
<6>[    0.000000] init_memory_mapping: [mem 0x3c000000-0x3fdfffff]
<7>[    0.000000]  [mem 0x3c000000-0x3fdfffff] page 2M
<6>[    0.000000] init_memory_mapping: [mem 0x00100000-0x1bbfffff]
<7>[    0.000000]  [mem 0x00100000-0x001fffff] page 4k
<7>[    0.000000]  [mem 0x00200000-0x1bbfffff] page 2M
<6>[    0.000000] init_memory_mapping: [mem 0x20000000-0x3bffffff]
<7>[    0.000000]  [mem 0x20000000-0x3bffffff] page 2M
<6>[    0.000000] Reserved memory: 'region@0' reserve CMA default limit 0x00000000, size 192 MiB
<6>[    0.000000] cma: CMA: reserved 192 MiB at 34000000
<6>[    0.000000] RAMDISK: [mem 0x00400000-0x00537fff]
<5>[    0.000000] 1024MB LOWMEM available.
<6>[    0.000000]   mapped low ram: 0 - 40000000
<6>[    0.000000]   low ram: 0 - 40000000
<7>[    0.000000] Zone ranges:
<7>[    0.000000]   Normal   [mem 0x00001000-0x3fffffff]
<7>[    0.000000] Movable zone start for each node
<7>[    0.000000] Early memory node ranges
<7>[    0.000000]   node   0: [mem 0x00001000-0x0009ffff]
<7>[    0.000000]   node   0: [mem 0x00100000-0x1bbfffff]
<7>[    0.000000]   node   0: [mem 0x20000000-0x3fffffff]
<7>[    0.000000] On node 0 totalpages: 244639
<7>[    0.000000] free_area_init_node: node 0, pgdat 8138bb00, node_mem_map b3800020
<7>[    0.000000]   Normal zone: 2048 pages used for memmap
<7>[    0.000000]   Normal zone: 0 pages reserved
<7>[    0.000000]   Normal zone: 244639 pages, LIFO batch:31
<6>[    0.000000] Using APIC driver sofia
<6>[    0.000000] smpboot: Allowing 4 CPUs, 0 hotplug CPUs
<6>[    0.000000] xgold_pstore_ram: reserved RAM buffer (0x219000@0x33564000)
<6>[    0.000000] e820: [mem 0x40000000-0xffffffff] available for PCI devices
<6>[    0.000000] Booting XGOLD kernel
<6>[    0.000000] setup_percpu: NR_CPUS:4 nr_cpumask_bits:4 nr_cpu_ids:4 nr_node_ids:1
<6>[    0.000000] PERCPU: Embedded 14 pages/cpu @b3529000 s33024 r0 d24320 u57344
<7>[    0.000000] pcpu-alloc: s33024 r0 d24320 u57344 alloc=14*4096
<7>[    0.000000] pcpu-alloc: [0] 0 [0] 1 [0] 2 [0] 3 
<7>[    0.000000] Built 1 zonelists in Zone order, mobility grouping on.  Total pages: 242591
<5>[    0.000000] Kernel command line: androidboot.bootloader=1528.400_M1S1 androidboot.serialno=0123456789012345 pmu_rst_src=0x00010008 pmu_shutdwn_src=0x00000002 scu_rsts=0x80008003 scu_rsts=0x00000000 boot_ocv=4034 androidboot.wakesrc=1 androidboot.mode=normal panelsource=1 rootfstype=ramfs console=ttyS0,115200n8 idle=halt earlyprintk=xgold debug notsc androidboot.hardware=sofia3g cma=160M nolapic_pm firmware_class.path=/system/vendor/firmware androidboot.selinux=permissive slub_max_order=0 ptrace.ptrace_can_access=1 mvpipe.at_dbg_port=1 loglevel=8 console=logk0 nolapic_timer x86_intel_xgold_timer=soctimer_only sf3gr_mrd_version=P2.0
<6>[    0.000000] ***** BOOT OCV = 4034
<4>[    0.000000] tsc: Kernel compiled with CONFIG_X86_TSC, cannot disable TSC completely
<6>[    0.000000] backlight:P2.0
<6>[    0.000000] PID hash table entries: 4096 (order: 2, 16384 bytes)
<6>[    0.000000] Dentry cache hash table entries: 131072 (order: 7, 524288 bytes)
<6>[    0.000000] Inode-cache hash table entries: 65536 (order: 6, 262144 bytes)
<6>[    0.000000] Initializing CPU#0
<6>[    0.000000] allocated 2097144 bytes of page_cgroup
<6>[    0.000000] please try 'cgroup_disable=memory' option if you don't want memory cgroups
<7>[    0.000000] Memory: 750352K/978556K available (7282K kernel code, 1554K rwdata, 3168K rodata, 564K init, 3268K bss, 228204K reserved)
<6>[    0.000000] virtual kernel memory layout:
<6>[    0.000000]     fixmap  : 0xfffa6000 - 0xfffff000   ( 356 kB)
<6>[    0.000000]     vmalloc : 0xc0800000 - 0xfffa4000   (1015 MB)
<6>[    0.000000]     lowmem  : 0x80000000 - 0xc0000000   (1024 MB)
<6>[    0.000000]       .init : 0x813bb000 - 0x81448000   ( 564 kB)
<6>[    0.000000]       .data : 0x80f1cedd - 0x813bab40   (4727 kB)
<6>[    0.000000]       .text : 0x80800000 - 0x80f1cedd   (7283 kB)
<6>[    0.000000] Checking if this processor honours the WP bit even in supervisor mode...Ok.
<6>[    0.000000] SLUB: HWalign=64, Order=0-0, MinObjects=0, CPUs=4, Nodes=1
<6>[    0.000000] Preemptible hierarchical RCU implementation.
<6>[    0.000000] NR_IRQS:16 nr_irqs:16 0
<6>[    0.000000] vpic_of_init: Initializing SoFIA vpic
<6>[    0.000000] vpic_of_init: xgold-vpic register remapping: Reg: c0800000, entries c0804000
<6>[    0.000000] irq-xgold: new irq domain: intel,sofia-main-hirq - 1 irqs
<6>[    0.000000] irq-xgold: new irq domain: intel,xgold_eint - 30 irqs
<6>[    0.000000] irq-xgold: new irq domain: intel,xgold_abb - 32 irqs
<6>[    0.000000] irq-xgold: new irq domain: intel,sofia-hirq - 512 irqs
<6>[    0.000000] irq-xgold: new irq domain: intel,xgold_pmu - 24 irqs
<7>[    0.000000] CPU 0 irqstacks, hard=8004a000 soft=8004c000
<6>[    0.000000] logger: created 256K log 'log_kern_bot'
<6>[    0.000000] console [logk0] enabled
<6>[    0.000000] bootconsole [earlyxgold0] disabled
<6>[    0.000000] logger: register logcat console
<6>[    0.000000] --> x86_xgold_time_init
<6>[    0.000000] Intel x86 xgold using soctimer only
<6>[    0.000000] xgold_of_timer_map:Initializing STM FAF to 0x319
<6>[    0.000000] xgold_of_timer_map:Clock event device rating set to 0x32
<6>[    0.000000] XGOLD STM:Clock frequency 26MHz
<6>[    0.000000] XGOLD STM:Clock event min precision 1000000ns
<6>[    0.000000] XGOLD STM:Clock event max precision 1000000000ns
<6>[    0.000000] xgold_of_timer_map: Masking cpu0 for STM usage
<6>[    0.000000] xgold_of_timer_map: Masking cpu1 for STM usage
<6>[    0.000000] XGOLD STM timer used to provide sched clock
<6>[    0.000000] XGOLD STM timer clkevent [1000000ns-1000000000ns]
<6>[    0.000000] xgold_stm_clkevent_setup: Setup clkevent for CPU0
<3>[    0.000000] xgold_stm_clkevent_setup: Installing vector 117 done
<6>[    0.000000] xgold_timer_cc_init:Clock event device rating set to 0x32
<6>[    0.000000] xgold_timer_cc_init:Input clock rate set to 0x18cba80
<6>[    0.000000] xgold_timer_cc_init:Clock event min set to 1000000
<6>[    0.000000] xgold_timer_cc_init:Clock event max set to 1000000000
<6>[    0.000000] xgold_timer_cc_init: Set cpu2 as valid for CC usage
<6>[    0.000000] xgold_timer_cc_init: Set cpu3 as valid for CC usage
<6>[    0.000000] CAPCOM: Registering cc event HW:
<6>[    0.000000] 	26000000 Hz, mask c, rating 50
<6>[    0.000000] Initializing capcom clock events Clk event CapCom, mask 4,cc id 0, mult 353f7cf, shift 1f, max 1000000000, min 1000000
<6>[    0.000000] Initializing capcom clock events Clk event CapCom, mask 8,cc id 1, mult 353f7cf, shift 1f, max 1000000000, min 1000000
<6>[    0.000000] <-- x86_xgold_time_init
<6>[    0.000000] xgold_calibrate_tsc: Run it for 10 ms
<6>[    0.000000] xgold_calibrate_tsc: LAPIC Timer frequency is 225.0435 MHz.
<6>[    0.000000] tsc: Detected 8116.171 MHz processor
<6>[    0.020000] Calibrating delay loop... 892.92 BogoMIPS (lpj=4464640)
<6>[    0.050065] pid_max: default: 32768 minimum: 301
<6>[    0.050283] Security Framework initialized
<6>[    0.050310] SELinux:  Initializing.
<7>[    0.050366] SELinux:  Starting in permissive mode
<6>[    0.050447] Mount-cache hash table entries: 2048 (order: 1, 8192 bytes)
<6>[    0.050469] Mountpoint-cache hash table entries: 2048 (order: 1, 8192 bytes)
<6>[    0.122071] Initializing cgroup subsys debug
<6>[    0.122111] Initializing cgroup subsys memory
<6>[    0.122149] Initializing cgroup subsys freezer
<6>[    0.122845] CPU: Physical Processor ID: 0
<6>[    0.122862] CPU: Processor Core ID: 2
<6>[    0.123031] Last level iTLB entries: 4KB 48, 2MB 0, 4MB 0
<6>[    0.123031] Last level dTLB entries: 4KB 128, 2MB 16, 4MB 16, 1GB 0
<6>[    0.123031] tlb_flushall_shift: 6
<6>[    0.127233] Freeing SMP alternatives memory: 24K (81448000 - 8144e000)
<6>[    0.127256] ftrace: allocating 27616 entries in 54 pages
<6>[    0.160642] smpboot: CPU0: Genuine Intel(R) CPU         @ 728 (fam: 06, model: 5d, stepping: 01)
<6>[    0.160733] Performance Events: generic architected perfmon, full-width counters, Intel PMU driver.
<6>[    0.160859] ... version:                3
<6>[    0.160877] ... bit width:              40
<6>[    0.160892] ... generic registers:      2
<6>[    0.160906] ... value mask:             000000ffffffffff
<6>[    0.160921] ... max period:             000000ffffffffff
<6>[    0.160934] ... fixed-purpose events:   3
<6>[    0.160948] ... event mask:             0000000700000003
<6>[    0.213285] Initializing Xgold Reset controller driver.
<3>[    0.215154] xgold_reset_do_sanity: Invalid register access scheme (0)
<6>[    0.215852] xgold_reset_do_sanity: Using WO/WC/RO register access scheme
<6>[    0.215952] Registering Xgold Reset controller @c0806000
<6>[    0.215987] xgold_reset_do_sanity: Using WO/WC/RO register access scheme
<6>[    0.216063] Registering Xgold Reset controller @c0856010
<6>[    0.216492] xgold_reset_do_sanity: Using R/W register access scheme
<6>[    0.216572] Registering Xgold Reset controller @c0858100
<6>[    0.219645] xgold_stm_clkevent_setup: Setup clkevent for CPU0
<7>[    0.240729] CPU 1 irqstacks, hard=802e4000 soft=802e6000
<6>[    0.240755] x86: Booting SMP configuration:
<6>[    0.240775] .... node  #0, CPUs:      #1
<6>[    0.020000] Initializing CPU#1
<6>[    0.244339] xgold_stm_clkevent_setup: Setup clkevent for CPU1
<3>[    0.244339] xgold_stm_clkevent_setup: Installing vector 116 done
<7>[    0.260719] CPU 2 irqstacks, hard=80332000 soft=80334000
<7>[    0.260748]  #2
<6>[    0.020000] Initializing CPU#2
<4>[    0.264129] TSC synchronization [CPU#0 -> CPU#2]:
<4>[    0.264159] Measured 1548 cycles TSC warp between CPUs, turning off TSC clock.
<6>[    0.264198] tsc: Marking TSC unstable due to check_tsc_sync_source failed
<6>[    0.264512] Registering Capcom as clock event for cpu 2
<6>[    0.264512] Clock event device 2 set to SHUTDOWN
<6>[    0.264512] Clock event device 2 set to ONESHOT
<7>[    0.280707] CPU 3 irqstacks, hard=80360000 soft=80362000
<7>[    0.280732]  #3
<6>[    0.020000] Initializing CPU#3
<6>[    0.282309] Registering Capcom as clock event for cpu 3
<6>[    0.282309] Clock event device 3 set to SHUTDOWN
<6>[    0.282309] Clock event device 3 set to ONESHOT
<6>[    0.282309] x86: Booted up 1 node, 4 CPUs
<6>[    0.282309] smpboot: Total of 4 processors activated (3571.71 BogoMIPS)
<6>[    0.304277] pinctrl core: initialized pinctrl subsystem
<6>[    0.304893] regulator-dummy: no parameters
<6>[    0.308749] NET: Registered protocol family 16
<6>[    0.310934] cpuidle: using governor ladder
<6>[    0.310957] cpuidle: using governor menu
<4>[    0.312396] ------------[ cut here ]------------
<4>[    0.312435] WARNING: CPU: 0 PID: 1 at /home/lyan7/3gr_mr1_cte/linux-3.10/arch/x86/mm/ioremap.c:112 __ioremap_caller+0x303/0x330()
<7>[    0.312450] Modules linked in:
<7>[    0.312481] CPU: 0 PID: 1 Comm: swapper/0 Not tainted 3.14.0-gcf5a73d #1
<7>[    0.312498]  00000000 00000000 80281e08 80f14928 8111b20c 80281e38 8083f2c4 8111c0a0
<7>[    0.312552]  00000000 00000001 8111b20c 00000070 80832a53 80832a53 0000c000 00000600
<7>[    0.312603]  00000600 80281e48 8083f302 00000009 00000000 80281ea4 80832a53 00000000
<7>[    0.312655] Call Trace:
<7>[    0.312691]  [<80f14928>] dump_stack+0x4b/0x75
<7>[    0.312720]  [<8083f2c4>] warn_slowpath_common+0x84/0xa0
<7>[    0.312746]  [<80832a53>] ? __ioremap_caller+0x303/0x330
<7>[    0.312771]  [<80832a53>] ? __ioremap_caller+0x303/0x330
<7>[    0.312797]  [<8083f302>] warn_slowpath_null+0x22/0x30
<7>[    0.312822]  [<80832a53>] __ioremap_caller+0x303/0x330
<7>[    0.312853]  [<80ab5065>] ? kobject_add+0x35/0x80
<7>[    0.312879]  [<80832ab8>] ioremap_cache+0x18/0x20
<7>[    0.312907]  [<813bf6b9>] ? boot_params_ksysfs_init+0x79/0x20d
<7>[    0.312934]  [<813bf6b9>] boot_params_ksysfs_init+0x79/0x20d
<7>[    0.312967]  [<8086c29d>] ? preempt_count_sub+0xad/0x100
<7>[    0.312992]  [<8086c29d>] ? preempt_count_sub+0xad/0x100
<7>[    0.313022]  [<80f1ad36>] ? _raw_spin_unlock_irqrestore+0x26/0x60
<7>[    0.313051]  [<80d4f5c1>] ? of_find_property+0x41/0x50
<7>[    0.313077]  [<8080046c>] do_one_initcall+0xbc/0x190
<7>[    0.313102]  [<813bf640>] ? probe_roms+0x20b/0x20b
<7>[    0.313129]  [<8085bcdb>] ? parse_args+0x27b/0x480
<7>[    0.313154]  [<80f1ad36>] ? _raw_spin_unlock_irqrestore+0x26/0x60
<7>[    0.313182]  [<813bbb38>] kernel_init_freeable+0xe5/0x187
<7>[    0.313207]  [<813bb4d2>] ? do_early_param+0x74/0x74
<7>[    0.313233]  [<80f0d600>] kernel_init+0x10/0xe0
<7>[    0.313258]  [<80f1bb77>] ret_from_kernel_thread+0x1b/0x28
<7>[    0.313281]  [<80f0d5f0>] ? rest_init+0x80/0x80
<4>[    0.313321] ---[ end trace c73d64af9ed8a017 ]---
<6>[    0.313683] Initializing DMA ops for non coherent architecture
<6>[    0.313702] --> xgold_init_machine
<6>[    0.314335] register chip revision 0x0
<6>[    0.359564] rockchip_iommu e2d00800.vpu_mmu: (vpu) Enter
<6>[    0.359795] rockchip_iommu e2d00800.vpu_mmu: (vpu) Initialized
<6>[    0.360383] rockchip_iommu e2d00440.hevc_mmu: (hevc) Enter
<6>[    0.360583] rockchip_iommu e2d00440.hevc_mmu: (hevc) Initialized
<6>[    0.360951] rockchip_iommu e1000300.vop_mmu: (vop) Enter
<6>[    0.361143] rockchip_iommu e1000300.vop_mmu: (vop) Initialized
<6>[    6.657373] <-- xgold_init_machine
<6>[    6.660649] xgold_pm_of_init: 117 pm users added
<6>[    6.662348] xgold_pm_of_init: 34 pm class added
<6>[    6.667122] pinctrl-single e4600000.pinmux: 640 pins at pa c0864000 size 2560
<6>[    6.667375] pinctrl-single e6300000.pinmux: pinctrl: io:@vmm
<6>[    6.668159] pinctrl-single e6300000.pinmux: 384 pins at pa e6300000 size 1536
<6>[    6.669295] gpio: gpio: io: linux-@:c0868000
<6>[    6.669316] gpio: XGold gpio probed base:0 num:106 gpios from gpio
<6>[    6.669644] gpio: missing property:intel,gpio-to-irq-num
<6>[    6.669666] gpio: gpio: io: vmm-@:0xe6300000
<6>[    6.669683] gpio: XGold gpio probed base:107 num:45 gpios from gpio
<6>[    6.670544] VPOWER: Running in async mode
<6>[    6.670647] fmdev_init()
<6>[    6.670881] fmdev_init(): Success! retval: 0
<3>[    6.673834] pmic_reg_access: cannot find node 'vmm_pmic-ext'
<6>[    6.687960] bio: create slab <bio-0> at 0
<6>[    6.690199] xgold_cpuidle_init: Initializing xgold cpuidle driver
<6>[    6.690250] idle xgold: Name | latency | residency | power | flags | vmmid
<6>[    6.690269] 	S0 [mclk gated in MC4]	 22	 50	 3	 5 1
<6>[    6.691301] Enter xgold_dma_probe
<6>[    6.692344] pl08xdmac pl08xdmac: initialized 8 virtual memcpy channels
<6>[    6.692387] pl08xdmac pl08xdmac: initialized 15 virtual slave channels
<6>[    6.695676] pl08xdmac pl08xdmac: DMA: PL080 rev0 at 0xe0100000 irq 107
<6>[    6.697244] sd_ldo: 3000 mV 
<6>[    6.697445] Registering device PM controlled regulator
<6>[    6.698467] lmmc1: 1800 <--> 2900 mV 
<6>[    6.698984] lemmc: 1800 <--> 2900 mV 
<6>[    6.699416] lcd: 2900 mV 
<6>[    6.699814] XGOLD Network On Chip (NoC) initialisation
<6>[    6.700694] xgold-noc ef000000.l1_noc: XGOLD NoC driver initialization ef000000.l1_noc
<6>[    6.701343] xgold-noc ef000000.l1_noc: 3 probe(s), 4 filter(s), 2 counter(s), error policy: print
<6>[    6.701418] xgold-noc ef000000.l1_noc: intel,LCDC-qos-settings added to list(0)
<6>[    6.701476] xgold-noc ef000000.l1_noc: intel,GPU-qos-settings added to list(0)
<6>[    6.701541] xgold-noc ef000000.l1_noc: intel,CPU1-qos-settings added to list(1)
<3>[    6.702904] xgold-noc ef000000.l1_noc: Error interrupt -0 0x80030108 -1 0x00004d00 -3 0x00000008 -5 0x00000100 -7 0x0000001c
<6>[    6.706668] xgold-noc ef010000.l2_noc: XGOLD NoC driver initialization ef010000.l2_noc
<6>[    6.707415] xgold-noc ef010000.l2_noc: 1 probe(s), 4 filter(s), 2 counter(s), error policy: print
<6>[    6.707439] xgold-noc ef010000.l2_noc: no QoS config list
<3>[    6.707935] xgold-noc ef010000.l2_noc: Error interrupt -0 0x80030000 -1 0x00004400 -3 0x00800064 -5 0x00000100 -7 0x00000004
<5>[    6.710388] SCSI subsystem initialized
<6>[    6.711436] usbcore: registered new interface driver usbfs
<6>[    6.711546] usbcore: registered new interface driver hub
<6>[    6.712072] usbcore: registered new device driver usb
<6>[    6.714424] intel-usb2phy e4800900.phy: power budget set to 500 mA
<3>[    6.718479] of_dma_request_slave_channel: dma-names property of node '/xgold/noc/l2_noc/ahb_per@1/i2c_1' missing or empty
<6>[    6.718508] I2C: Enterring xgold_i2c_core_probe
<3>[    6.725226] of_dma_request_slave_channel: dma-names property of node '/xgold/noc/l2_noc/ahb_per@1/i2c_3' missing or empty
<6>[    6.725256] I2C: Enterring xgold_i2c_core_probe
<3>[    6.733871] of_dma_request_slave_channel: dma-names property of node '/xgold/noc/l2_noc/ahb_per@1/i2c_4' missing or empty
<6>[    6.733904] I2C: Enterring xgold_i2c_core_probe
<6>[    6.738189] Linux video capture interface: v2.00
<6>[    6.739898] rk_ion heap cma-heap base:0x00000000 length:0x0c000000 type 4
<6>[    6.742262] Advanced Linux Sound Architecture Driver Initialized.
<6>[    6.744925] Switched to clocksource xgold_stm_clocksource
<6>[    6.828989] loader-logo-on:1
<6>[    6.829023] create rockchip ion client
<6>[    6.829072] rockchip-fb rockchip-fb: rockchip framebuffer driver probe
<6>[    6.830714] rockchip-screen screen.198: rockchip screen probe success
<6>[    6.831722] xgold-mipi_dsi xgold-mipi_dsi: XGold MIPI DSI driver probe success
<6>[    6.833037] Display interface mipi-dsi using dts 1
<6>[    6.833148] dsi_of_parse_display: In node display-panel, unexpected child mipi-dsi !
<6>[    6.833165] dsi_of_parse_display: In node display-panel, unexpected child display-timings !
<6>[    6.834815] dsi parameters in dts
<6>[    6.836498] graphics fb0: rockchip framebuffer registered:fb0
<6>[    6.837774] graphics fb1: rockchip framebuffer registered:fb1
<6>[    6.838070] graphics fb2: rockchip framebuffer registered:fb2
<6>[    6.838864] rockchip-vop vop0: vop0: dclk:0>>fps:60 
<6>[    6.838894] rockchip-vop vop0: wakeup from standby!
<6>[    6.901265] graphics fb0: fb0:phy:10000000>>vir:c1681000>>len:0x1800000
<6>[    6.901304] graphics fb0: copy fb data 1080 x 1920  from  addr:0x3f119200 to addr:0x10000000
<6>[    7.052006] rockchip-vop vop0: vop0 probe ok, iommu enabled
<6>[    7.055330] NET: Registered protocol family 2
<6>[    7.056161] TCP established hash table entries: 8192 (order: 3, 32768 bytes)
<6>[    7.056262] TCP bind hash table entries: 8192 (order: 5, 163840 bytes)
<6>[    7.056438] TCP: Hash tables configured (established 8192 bind 8192)
<6>[    7.056529] TCP: reno registered
<6>[    7.056558] UDP hash table entries: 512 (order: 2, 24576 bytes)
<6>[    7.056606] UDP-Lite hash table entries: 512 (order: 2, 24576 bytes)
<6>[    7.056981] NET: Registered protocol family 1
<6>[    7.058515] input: goodix-ts as /devices/virtual/input/input0
<6>[    7.259562] Trying to unpack rootfs image as initramfs...
<6>[    7.353672] Freeing initrd memory: 1248K (80400000 - 80538000)
<6>[    7.371762] console [pstore-1] enabled
<6>[    7.371837] pstore: Registered ramoops as persistent store backend
<6>[    7.371864] ramoops: attached 0x219000@0x33564000, ecc: 0/0
<6>[    7.373573] futex hash table entries: 1024 (order: 4, 65536 bytes)
<5>[    7.373651] Initialise system trusted keyring
<6>[    7.373843] audit: initializing netlink subsys (disabled)
<5>[    7.373967] audit: type=2000 audit(946684802.109:1): initialized
<6>[    7.389321] fuse init (API version 7.22)
<6>[    7.390103] msgmni has been set to 1852
<7>[    7.390563] SELinux:  Registering netfilter hooks
<6>[    7.404527] alg: No test for stdrng (krng)
<5>[    7.404687] Key type asymmetric registered
<5>[    7.404726] Asymmetric key parser 'x509' registered
<6>[    7.404853] Block layer SCSI generic (bsg) driver version 0.4 loaded (major 251)
<6>[    7.404883] io scheduler noop registered
<6>[    7.405156] io scheduler cfq registered (default)
<6>[    7.418886] rga: create rockchip ion client for RGA
<6>[    7.419126] rga: Driver loaded successfully
<6>[    7.419676] mvpipe enumerate instance name at
<6>[    7.420516] mvpipe enumerate instance name at2
<6>[    7.421245] mvpipe enumerate instance name atc
<6>[    7.421990] mvpipe enumerate instance name at2c
<6>[    7.422709] mvpipe enumerate instance name at-dbg
<6>[    7.423436] mvpipe enumerate instance name bplog
<6>[    7.424161] mvpipe enumerate instance name fttool
<6>[    7.424897] mvpipe enumerate instance name streamline
<6>[    7.425630] mvpipe enumerate instance name backup
<6>[    7.426384] mvpipe enumerate instance name echo
<6>[    7.427375] mvpipe enumerate instance name secmd
<6>[    7.428149] mvpipe enumerate instance name sedat0
<6>[    7.429061] mvpipe enumerate instance name oec_dat
<6>[    7.429896] mvpipe enumerate instance name vpu
<6>[    7.430694] mvpipe enumerate instance name vpu_ion
<6>[    7.431490] mvpipe enumerate instance name GTI
<6>[    7.432257] mvpipe enumerate instance name veth_ctrl
<6>[    7.433035] mvpipe enumerate instance name lpmp3
<6>[    7.433827] mvpipe enumerate instance name lpmp3_dbg
<5>[    7.435599] VOEMCRYPTO-FE: Initializing.
<5>[    7.436404] VOEMCRYPTO-FE: Initialized.
<7>[    7.436432] vdump: init
<7>[    7.436823] vdump: Kernel vdump Thread create.
<7>[    7.437318] vdump: Kernel vdump Thread: vdump Thread
<7>[    7.437391] vdump: Kernel vdump Thread enter.
<7>[    7.437427] vdump: vdump_detect[/system/etc/vdump.conf]
<7>[    7.437501] vdump: Gadget fp=fffffffe open failed!
<6>[    7.437770] mveth: virtual Ethernet device driver 1.0.
<6>[    7.438546] mveth enumerate instance name veth0
<6>[    7.440008] mveth enumerate instance name veth1
<6>[    7.440680] virtual Ethernet device driver initialized
<3>[    7.442944] TEE_RPC REGISTERED major : 229
<6>[    7.443979] IDI AG6x0 client init
<3>[    7.444078] Registering IDI driver
<6>[    7.450206] idi idi-0: : Rev: 4   Mod ID: 130   TS Rev: 777
<6>[    7.450248] idi idi-0: : Software check: 16 channels
<6>[    7.450272] idi idi-0: : SRB Multiple Source: 0x0000000c
<6>[    7.450296] idi idi-0: : SRB Error Config: 0x0000000c
<6>[    7.453881] AG6x0 idi_client-0: AGold using secure access
<3>[    7.457656] : Miss PM info
<6>[    7.458684] idi-error idierror-0: imc_idi_error_probe: probe return 0
<6>[    7.465243] XGOLD USIF serial driver
<6>[    7.466483] serial-usif-xgold e1200000.usif2: default 50ms fci poll
<6>[    7.466524] serial-usif-xgold e1200000.usif2: runtime_pm_enabled is disable
<6>[    7.466553] serial-usif-xgold e1200000.usif2: runtime_pm_debug is disable
<6>[    7.466580] serial-usif-xgold e1200000.usif2: rpm_suspend_delay set to 5000
<6>[    7.466608] serial-usif-xgold e1200000.usif2: auto_suspend_enable is disable
<6>[    7.467604] e1200000.usif2: ttyS0 at MMIO 0xe1200000 (irq = 36, base_baud = 6500000) is a XGOLD_USIF
<7>[    9.422621] vdump: Gadget fp=fffffffe open failed!
<6>[    9.583786] console [ttyS0] enabled
<6>[    9.595824] tadi_driver_probe: trace port:[mem 0x80000000-0x80ffffff] - ioremap:c3a00000
<6>[    9.603804] tadi_driver_probe: Register tdcons console
<6>[    9.609308] Mali Platform: mali_platform_init()
<6>[    9.614681] Mali Platform: mali_platform_device_init()
<6>[    9.619787] Mali Platform: ultra_high_perf is enabled
<6>[    9.625642] Mali Platform: fb   region @0x08000000 length = 0x08000000 (128MB)
<6>[    9.632799] Mali Platform: rsvd region @0x00000000 length = 0x00000000 (0MB)
<6>[    9.639641] Mali Platform: os   region length = 0x20000000 (512MB)
<6>[    9.645834] Mali Platform: dvfs is enabled
<6>[    9.649876] Mali Platform: dvfs_clock_config from DT:
<6>[    9.654790] Mali Platform: {208, 1000}
<6>[    9.658574] Mali Platform: {312, 2000}
<6>[    9.662271] Mali Platform: {416, 3000}
<6>[    9.665889] Mali Platform: {600, 4000}
<3>[    9.670352] xgold-noc ef000000.l1_noc: Error interrupt -0 0x80030008 -1 0x00004d20 -3 0x00000088 -5 0x00000100 -7 0x0000001c
<7>[    9.685135] Mali: Mali device driver loaded
<6>[    9.692123] brd: module loaded
<6>[    9.700282] loop: module loaded
<6>[    9.703948] zram: Created 1 device(s) ...
<6>[    9.709727] hx280enc: registered platform driver
<6>[    9.714779] hx170dec: registered platform driver<6>[    9.719389] xgold Vibrator init
<6>[    9.723184] vibra-xgold e6501400.vibrator: AGold vibrator using secure access
<3>[    9.730627] vibra-xgold e6501400.vibrator: Vibrator driver probed
<6>[    9.736671] pmic Vibrator init
<6>[    9.740990] vcodec e2d00000.vpu_combo: probe device.
<6>[    9.745982] ->state: high_perf
<6>[    9.749137] e2d00000.vpu_combo: power on.
<6>[    9.757239] ->state: disable
<6>[    9.760200] e2d00000.vpu_combo: power off.
<6>[    9.764122] vcodec e2d00000.vpu_combo: init success.
<6>[    9.770377] tun: Universal TUN/TAP device driver, 1.6
<6>[    9.775247] tun: (C) 1999-2004 Max Krasnyansky <maxk@qualcomm.com>
<6>[    9.781650] PPP generic driver version 2.4.2
<6>[    9.785925] PPP BSD Compression module registered
<6>[    9.790606] PPP Deflate Compression module registered
<6>[    9.795472] PPP MPPE Compression module registered
<6>[    9.800282] NET: Registered protocol family 24
<4>[   10.104051] e2100000.usb supply vusb_d not found, using dummy regulator
<4>[   10.110719] e2100000.usb supply vusb_a not found, using dummy regulator
<6>[   10.153672] dwc2 e2100000.usb: EPs: 16, dedicated fifos, 4672 entries in SPRAM
<6>[   10.716097] dwc2 e2100000.usb: DWC OTG Controller
<6>[   10.720828] dwc2 e2100000.usb: new USB bus registered, assigned bus number 1
<6>[   10.727830] dwc2 e2100000.usb: irq 55, io mem 0x00000000
<6>[   11.281813] hub 1-0:1.0: USB hub found
<6>[   11.285455] hub 1-0:1.0: 1 port detected
<6>[   11.291790] usbcore: registered new interface driver usb-storage
<6>[   11.297685] usbcore: registered new interface driver usb_ehset_test
<6>[   11.304333] mousedev: PS/2 mouse device common for all mice
<6>[   11.310902] xgold_keypad_init
<3>[   11.314513] kpd-xgold e4200000.keypad: get keypad,kp_in0 error
<3>[   11.320286] kpd-xgold e4200000.keypad: get keypad,kp_in2 error
<3>[   11.325928] kpd-xgold e4200000.keypad: get keypad,kp_in5 error
<3>[   11.331769] kpd-xgold e4200000.keypad: get keypad,kp_in6 error
<3>[   11.337455] kpd-xgold e4200000.keypad: get keypad,kp_in7 error
<6>[   11.344118] input: kpd-xgold as /devices/soc0/e0000000.noc/ef010000.l2_noc/e4000000.ahb_per/e4200000.keypad/input/input1
<6>[   11.355150] kpd-xgold e4200000.keypad: keypad probed
<6>[   11.362850] input: xgold-on-button as /devices/soc0/e0000000.noc/ef010000.l2_noc/e6100000.idi_per/e6600000.agold/on_button.172/input/input2
<6>[   11.375825] apds990x: apds sysfs driver init
<6>[   11.381107] input: Avago light sensor as /devices/virtual/input/input3
<6>[   11.387825] input: Avago proximity sensor as /devices/virtual/input/input4
<7>[   11.408504] vdump: Gadget fp=fffffffe open failed!
<6>[   11.409073] apds990x 3-0039: apds990x APDS-9930
<6>[   11.411773] apds990x 3-0039: support ver. 1.0.4 enabled
<6>[   11.411850] ltr559: ltr559 sysfs driver init
<6>[   11.412371] l3gd20_gyr: gyroscope sysfs driver init
<6>[   11.432923] input: l3gd20_gyr as /devices/soc0/e0000000.noc/ef010000.l2_noc/e1000000.ahb_per/e1600000.i2c_3/i2c-3/3-006a/input/input5
<6>[   11.498875] l3gd20_gyr 3-006a: l3gd20_gyr probed successfully
<6>[   11.504799] kionix_accel 3-000e: probe start ------->
<6>[   11.510211] kionix_accel 3-000e: this accelerometer is a KXCJK-1013.
<6>[   11.517833] input: kionix_accel as /devices/soc0/e0000000.noc/ef010000.l2_noc/e1000000.ahb_per/e1600000.i2c_3/i2c-3/3-000e/input/input6
<6>[   11.530031] kionix_accel 3-000e: running in software polling mode
<6>[   11.535959] kionix_accel 3-000e: <-------------- probe done
<6>[   11.541581] lsm303c_acc accelerometer driver: init
<6>[   11.546248] lsm303c_mag driver: init
<3>[   11.549944] mmc3524x 3-0030: could not get default pinstate
<3>[   11.555321] mmc3524x 3-0030: could not get sleep pinstate
<3>[   11.560745] mmc3524x 3-0030: could not get inactive pinstate
<6>[   11.785130] input: mmc3524x as /devices/soc0/e0000000.noc/ef010000.l2_noc/e1000000.ahb_per/e1600000.i2c_3/i2c-3/3-0030/input/input7
<3>[   11.797014] mmc3524x 3-0030: Unable to retrieve  platform data
<6>[   11.802648] mmc3524x 3-0030: mmc3524x probed successfully
<6>[   11.808119] ecompass driver: init
<6>[   11.811498] input: ecompass_data as /devices/virtual/input/input8
<3>[   11.818530] ps_sx9500 3-0028: no output pin from AP to Modem
<6>[   11.825179] input: sx9500 as /devices/soc0/e0000000.noc/ef010000.l2_noc/e1000000.ahb_per/e1600000.i2c_3/i2c-3/3-0028/input/input9
<6>[   11.837886] xgold_rtc rtc.165: rtc access are synchronous
<6>[   11.843376] xgold_rtc rtc.165: map rtc alarm irq index 261
<6>[   11.849209] xgold_rtc rtc.165: rtc core: registered rtc.165 as rtc0
<6>[   11.855400] rtc: RTC virtualized driver probed
<6>[   11.860057] i2c /dev entries driver
<6>[   11.864338] ov5670 1-0010: probing...
<4>[   11.867843] ov5670.pltfrm_camera_module_get_data WARN: cannot not get flash-driver property of node camera-module
<6>[   11.878369] ov5670 1-0010: probing successful
<6>[   11.882801] wv511 1-000c: probing...
<6>[   11.886197] wv511 1-000c: probing successful
<6>[   11.890763] ov13850 1-0036: probing...
<6>[   11.894442] ov13850.pltfrm_camera_module_get_data: camera module flash driver is FP6773C
<6>[   11.902445] ov13850.pltfrm_camera_module_get_data: camera module has auto focus controller wv511
<6>[   11.948384] ov13850 1-0036: found Rev2A
<3>[   12.203224] ps_sx9500 3-0028: Non support irq: 01
<6>[   12.816157] ov13850.ov13850_print_otp_info: OTP flag                 is 0xD0
<6>[   12.823122] ov13850.ov13850_print_otp_info: OTP module_integrator_id is 0x05
<6>[   12.829974] ov13850.ov13850_print_otp_info: OTP lens_id              is 0x10
<6>[   12.837025] ov13850.ov13850_print_otp_info: OTP production_year      is 0x0E
<6>[   12.843993] ov13850.ov13850_print_otp_info: OTP production_month     is 0x01
<6>[   12.850968] ov13850.ov13850_print_otp_info: OTP production_day       is 0x1E
<6>[   12.857857] ov13850.ov13850_print_otp_info: OTP rg_ratio             is 0x12C
<6>[   12.864994] ov13850.ov13850_print_otp_info: OTP bg_ratio             is 0x123
<6>[   12.872124] ov13850.ov13850_print_otp_info: OTP R_gain               is 0x00
<6>[   12.878958] ov13850.ov13850_print_otp_info: OTP G_gain               is 0x00
<6>[   12.886082] ov13850.ov13850_print_otp_info: OTP B_gain               is 0x00
<6>[   12.893299] ov13850 1-0036: probing successful
<6>[   12.898162] FMR: Intel FM Radio driver version : 1.00
<4>[   12.903231] idi_bus_match:fmr-0-ag6x0_fmr: Using peripheral type for registration process is deprecated
<4>[   12.912476] idi_bus_match:fmr-0-ag6x0_fmr: Please idi device id and driver id table
<6>[   12.920139] FMR: Device probe called
<6>[   12.923530] FMR: V4l2 device registration
<6>[   12.927741] FMR: Registration with Frequency manager successful
<6>[   12.933778] FMR: FM Radio device PM registration successful
<6>[   12.939221] FMR: driver initialised successfully
<6>[   12.945237] spcu_thermal e4700000.spcu_thermal0: Thermal zone device registered, type=coretemp0
<6>[   12.954538] spcu_thermal e4700000.spcu_thermal1: Thermal zone device registered, type=coretemp1
<6>[   12.963922] spcu_thermal e4700000.spcu_thermal3: Thermal zone device registered, type=coretemp3
<6>[   12.973142] spcu_thermal e4700000.spcu_thermal4: Thermal zone device registered, type=coretemp4
<6>[   12.982386] spcu_thermal e4700000.spcu_thermal5: Thermal zone device registered, type=coretemp5
<6>[   12.991754] device-mapper: uevent: version 1.0.3
<6>[   12.996561] device-mapper: ioctl: 4.27.0-ioctl (2013-10-30) initialised: dm-devel@redhat.com
<6>[   13.007767] xgold_cpufreq_probe:platform_get_irq_byname(CPU_CLK_CHANGE) (virq:306)
<6>[   13.016231] sdhci: Secure Digital Host Controller Interface driver
<6>[   13.022535] sdhci: Copyright(c) Pierre Ossman
<6>[   13.026702] sdhci-pltfm: SDHCI platform and OF driver helper
<6>[   13.033820] xgold-sdhci e2800000.emmc: sdhci: io: linux-@:c4d80000
<6>[   13.040535] sdhci: e2800000.emmc, rpm = 1
<6>[   13.045329] mmc0: no vqmmc regulator found
<6>[   13.049402] mmc0: no vmmc regulator found
<6>[   13.097994] mmc0: SDHCI controller on e2800000.emmc [e2800000.emmc] using ADMA
<6>[   13.106088] xgold-sdhci e1400000.sd: sdhci: io: linux-@:c5080000
<6>[   13.114058] xgold-sdhci e1400000.sd: Got CD GPIO #43.
<6>[   13.119280] sdhci: e1400000.sd, rpm = 1
<6>[   13.176984] mmc1: SDHCI controller on e1400000.sd [e1400000.sd] using ADMA
<6>[   13.182181] mmc0: BKOPS_EN bit is not set
<6>[   13.189421] leds_pwm pwmleds.196: led pwm backlight driver probed
<4>[   13.198571] i2c-core: driver [lp8557] using legacy resume method
<6>[   13.208836] mmc0: new high speed DDR MMC card at address 0001
<6>[   13.208967] usbcore: registered new interface driver usbhid
<6>[   13.208976] usbhid: USB HID core driver
<6>[   13.210158] ashmem: initialized
<6>[   13.210517] logger: created 512K log 'log_main'
<6>[   13.210770] logger: created 256K log 'log_events'
<6>[   13.211005] logger: created 256K log 'log_radio'
<6>[   13.211239] logger: created 256K log 'log_system'
<6>[   13.213946] ag620_meas meas-0: Initializing MEAS AG620 HAL
<6>[   13.214224] ag620_meas: meas_ag620_probe: agold_chip_rev=0x0021
<6>[   13.214363] ag620_meas meas-0: meas_ag620_probe: getting handlers for dev pm states...
<6>[   13.215063] intel_adc: Registering AGOLD 620 MEAS HAL, 10 channels available.
<6>[   13.215073] intel_adc: 	chan=0, id=21
<6>[   13.215081] intel_adc: 	chan=1, id=8
<6>[   13.215089] intel_adc: 	chan=2, id=17
<6>[   13.215096] intel_adc: 	chan=3, id=22
<6>[   13.215103] intel_adc: 	chan=4, id=23
<6>[   13.215110] intel_adc: 	chan=5, id=24
<6>[   13.215116] intel_adc: 	chan=6, id=0
<6>[   13.215123] intel_adc: 	chan=7, id=1
<6>[   13.215129] intel_adc: 	chan=8, id=2
<6>[   13.215136] intel_adc: 	chan=9, id=12
<6>[   13.215143] intel_adc: All HALs were registered, probing the abstraction layer...
<3>[   13.215161] ag620_meas meas-0: Probing the ADC
<3>[   13.218395] intel_adc_sensors: platform_name = ag620
<6>[   13.220970] oct: oct resource: [mem 0xe4d00000-0xe4dfffff] - ioremap: c5400000
<6>[   13.220970] 
<6>[   13.222407] oct: Gadget /data/system/oct_offlog.conf open failed!
<6>[   13.224174] usbcore: registered new interface driver snd-usb-audio
<6>[   13.228107] dsp_audio_drv_probe: ioremap for [mem 0xe3600000-0xe3603fff] returned c0e78000
<6>[   13.229053] dsp_audio_drv_probe: ioremap for [mem 0xe3604000-0xe3803fff] returned c5580000
<3>[   13.229502] snd: dsp: read dsp-supply property failed
<6>[   13.229802] dsp_clock_init set state return 0
<6>[   13.232719] DSP initialization done 0
<3>[   13.234267] XGOLD_MACHINE sound.200: ASoC: CPU DAI (null) not registered
<3>[   13.234327] snd: mac: xgold_mc_probe: unable to register sound card err -517
<6>[   13.234361] platform sound.200: Driver XGOLD_MACHINE requests probe deferral
<3>[   13.236012] snd: voice: xgold_voice_probe :
<4>[   13.238812] xgold_bt_sco btauif-0: No 48k clock available
<3>[   13.239013] BTAUIF device PM registration success
<6>[   13.239206] oprofile: using NMI interrupt.
<6>[   13.239352] u32 classifier
<6>[   13.239358]     Actions configured
<6>[   13.239370] Netfilter messages via NETLINK v0.30.
<6>[   13.239469] nf_conntrack version 0.5.0 (14816 buckets, 59264 max)
<6>[   13.240303] ctnetlink v0.93: registering with nfnetlink.
<6>[   13.240909] xt_time: kernel timezone is -0000
<5>[   13.240936] ip_set: protocol 6
<6>[   13.241391] ip_tables: (C) 2000-2006 Netfilter Core Team
<6>[   13.241645] arp_tables: (C) 2002 David S. Miller
<6>[   13.241722] TCP: cubic registered
<6>[   13.241728] Initializing XFRM netlink socket
<6>[   13.242800] NET: Registered protocol family 10
<6>[   13.244828] mip6: Mobile IPv6
<6>[   13.244878] ip6_tables: (C) 2000-2006 Netfilter Core Team
<6>[   13.245181] sit: IPv6 over IPv4 tunneling driver
<6>[   13.246336] NET: Registered protocol family 17
<6>[   13.246387] NET: Registered protocol family 15
<6>[   13.246463] l2tp_core: L2TP core driver, V2.0
<6>[   13.246489] l2tp_ppp: PPPoL2TP kernel driver, V2.0
<7>[   13.414144] vdump: Gadget fp=fffffffe open failed!
<6>[   13.499776] mmc0: calculated max. discard sectors 3072 for timeout 2581 ms
<6>[   13.507098] mmcblk0: mmc0:0001 Q7XSAB 7.28 GiB 
<6>[   13.511664] mmc0: calculated max. discard sectors 3072 for timeout 2581 ms
<4>[   13.514078] thermal thermal_zone5: failed to read out thermal zone 5
<6>[   13.525305] mmcblk0boot0: mmc0:0001 Q7XSAB partition 1 4.00 MiB
<6>[   13.531223] mmc0: calculated max. discard sectors 3072 for timeout 2581 ms
<6>[   13.538666] mmcblk0boot1: mmc0:0001 Q7XSAB partition 2 4.00 MiB
<6>[   13.544720] mmc0: calculated max. discard sectors 3072 for timeout 2581 ms
<6>[   13.551884] mmcblk0rpmb: mmc0:0001 Q7XSAB partition 3 512 KiB
<6>[   13.573926]  mmcblk0: p1 p2 p3 p4 p5 p6 p7 p8 p9 p10 p11 p12 p13 p14 p15 p16 p17
<6>[   13.587035] rpmb_rpc: rpmb partition created
<6>[   13.588004]  mmcblk0boot1: unknown partition table
<6>[   13.590079]  mmcblk0boot0: unknown partition table
<3>[   13.600779] [sec_rpc] rpc_call: Found entry ID: 0
<3>[   13.605420] [sec_rpc] rpc_call: Shared memory block size: 4046
<6>[   14.028793] pmic_swfg_hal: pmic_swfg_hal_init: was executed
<6>[   14.040883] Using IPI No-Shortcut mode
<5>[   14.045630] Loading compiled-in X.509 certificates
<6>[   14.050617] registered taskstats version 1
<6>[   14.055015] sd_ldo: disabling
<6>[   14.058673] regulator-dummy: disabling
<4>[   14.064376] snd-soc-dummy snd-soc-dummy: ASoC: Failed to create platform debugfs directory
<3>[   14.072704] control 2:0:0:DSP Audio send cmd:0 is already present
<3>[   14.078795] Speech Probe speech_probe.170: ASoC: Failed to add DSP Audio send cmd: -16
<6>[   14.088509] XGOLD_MACHINE sound.200: snd-soc-dummy-dai <-> pcm_music.168 mapping ok
<6>[   14.096397] XGOLD_MACHINE sound.200: ag620_afe <-> pcm_voice.169 mapping ok
<6>[   14.104643] XGOLD_MACHINE sound.200: snd-soc-dummy-dai <-> pcm_music.168 mapping ok
<6>[   14.113574] XGOLD_MACHINE sound.200: snd-soc-dummy-dai <-> pcm_music.168 mapping ok
<6>[   14.121467] XGOLD_MACHINE sound.200: snd-soc-dummy-dai <-> XGOLD_SPEECH_PROBE_A mapping ok
<6>[   14.130003] XGOLD_MACHINE sound.200: snd-soc-dummy-dai <-> XGOLD_SPEECH_PROBE_A mapping ok
<6>[   14.138456] XGOLD_MACHINE sound.200: snd-soc-dummy-dai <-> XGOLD_SPEECH_PROBE_A mapping ok
<6>[   14.148760] XGOLD_MACHINE sound.200: snd-soc-dummy-dai <-> pcm_music.168 mapping ok
<6>[   14.161092] input: xgold_afe-audio Headset as /devices/sound.200/sound/card0/input10
<3>[   14.172769] snd: mac: xgold_mc_probe: ext_amp_gpio node not found
<6>[   14.179615] file system registered
<6>[   14.185769] Number of LUNs=8
<6>[   14.188536] Mass Storage Function, version: 2009/09/11
<6>[   14.193600] LUN: removable file: (no medium)
<6>[   14.198505] android_usb gadget: android_usb ready
<6>[   14.206421] dwc2 e2100000.usb: bound driver android_usb
<6>[   14.213227] xgold_rtc rtc.165: setting system clock to 2000-01-01 00:00:09 UTC (946684809)
<4>[   14.221632] idi_bus_match:i2c_5-0-xgold-i2c-idi: Using peripheral type for registration process is deprecated
<4>[   14.231481] idi_bus_match:i2c_5-0-xgold-i2c-idi: Please idi device id and driver id table
<6>[   14.240506] I2C: Enterring xgold_i2c_core_probe
<6>[   14.247905] CIF ISP2.0 xgold_v4l2_drv_probe: probing...
<6>[   14.253671] CIF ISP2.0 cif_isp20_img_srcs_init: device ov13850 attached to CIF CSI-0
<6>[   14.261928] CIF ISP2.0 cif_isp20_img_srcs_init: device ov5670 attached to CIF CSI-1
<6>[   14.270209] CIF ISP2.0 cif_isp20_v4l2_register_video_device: video device video0.1 (CIF ISP20 SP) successfully registered
<6>[   14.282346] CIF ISP2.0 cif_isp20_v4l2_register_video_device: video device video2.3 (CIF ISP20 MP) successfully registered
<6>[   14.293450] CIF ISP2.0 cif_isp20_v4l2_register_video_device: video device video3.4 (CIF ISP20 DMA) successfully registered
<6>[   14.305620] ag620_swfgh: sw_fuel_gauge_hal_probe: Getting PM state handlers: OK
<4>[   14.313398] idi_bus_match:brown_out-0-ag6x0_brown_out: Using peripheral type for registration process is deprecated
<4>[   14.323771] idi_bus_match:brown_out-0-ag6x0_brown_out: Please idi device id and driver id table
<6>[   14.332386] ag6x0_brown_out: brown_out_drv_probe: Getting PM state handlers: OK
<6>[   14.340211] ag6x0_bat_hal: bat_drv_hal_probe: Getting PM state handlers: OK
<6>[   14.349755] fan54x_charger: fan54x_idi_probe
<6>[   14.354746] fan54x_charger: fan54x_i2c_probe
<6>[   14.361400] fan54x_charger: Getting PM state handlers: OK
<6>[   14.370498] fan54x_charger: boot mode MOS
<6>[   14.376083] fan54x_charger: ###dragon### Read the VBUS presence status for initial update
<7>[   14.385888] ###dragon#### fan54015_get_charger_statea 0x8c
<6>[   14.391209] fan54x_charger: ###dragon#### vbus_state_prev=0xffffffff vbus_statue_now=0x0
<6>[   14.399401] ag620_meas: AGOLD TEMP_ALERT_REG 0x00000040 at boot
<6>[   14.405922] ag620_meas: AGOLD thermal protection disabled at 301999 mK,
<6>[   14.412670] ag620_meas: TEMP_ALERT_REG 0x00000050
<6>[   14.419950] fan54x_charger: fan54x_charger_set_property: keep charge coltage when disconnects
<6>[   14.430674] fan54x_charger: fan54x_charger_set_property: keep charge coltage when disconnects
<6>[   14.433268] ag620_thermal: PMICTEMP_SENSOR
<6>[   14.435589] ALSA device list:
<6>[   14.435600]   #0: xgold_afe-audio
<6>[   14.456093] Freeing unused kernel memory: 564K (813bb000 - 81448000)
<6>[   14.463014] Write protecting the kernel text: 7284k
<6>[   14.468026] Write protecting the kernel read-only data: 3172k
<6>[   14.473700] NX-protecting the kernel data: 7052k
<7>[   14.491488] SELinux: 2048 avtab hash slots, 5012 rules.
<7>[   14.499114] SELinux: 2048 avtab hash slots, 5012 rules.
<7>[   14.504462] SELinux:  1 users, 2 roles, 415 types, 0 bools, 1 sens, 1024 cats
<7>[   14.511433] SELinux:  86 classes, 5012 rules
<7>[   14.518273] SELinux:  Completing initialization.
<7>[   14.522955] SELinux:  Setting up existing superblocks.
<7>[   14.528000] SELinux: initialized (dev rootfs, type rootfs), uses genfs_contexts
<7>[   14.535514] SELinux: initialized (dev bdev, type bdev), not configured for labeling
<7>[   14.543185] SELinux: initialized (dev proc, type proc), uses genfs_contexts
<7>[   14.549989] SELinux: initialized (dev tmpfs, type tmpfs), uses transition SIDs
<7>[   14.557591] SELinux: initialized (dev debugfs, type debugfs), uses genfs_contexts
<7>[   14.582641] SELinux: initialized (dev sockfs, type sockfs), uses task SIDs
<7>[   14.589515] SELinux: initialized (dev pipefs, type pipefs), uses task SIDs
<7>[   14.596329] SELinux: initialized (dev anon_inodefs, type anon_inodefs), not configured for labeling
<7>[   14.605459] SELinux: initialized (dev aio, type aio), not configured for labeling
<7>[   14.612882] SELinux: initialized (dev devpts, type devpts), uses transition SIDs
<7>[   14.620228] SELinux: initialized (dev mqueue, type mqueue), uses transition SIDs
<7>[   14.627576] SELinux: initialized (dev selinuxfs, type selinuxfs), uses genfs_contexts
<7>[   14.635471] SELinux: initialized (dev configfs, type configfs), not configured for labeling
<7>[   14.643760] SELinux: initialized (dev tmpfs, type tmpfs), uses transition SIDs
<7>[   14.651159] SELinux: initialized (dev sysfs, type sysfs), uses genfs_contexts
<5>[   14.790464] audit: type=1403 audit(946684810.079:2): policy loaded auid=4294967295 ses=4294967295
<11>[   14.966613] init: /init.sofia3g.rc: 386: ignored duplicate definition of service 'media'
<7>[   14.978107] SELinux: initialized (dev binfmt_misc, type binfmt_misc), not configured for labeling
<11>[   14.981242] init: invalid gid 'trace'
<4>[   14.991301] SELinux: mount invalid.  Same superblock, different security settings for (dev binfmt_misc, type binfmt_misc)
<6>[   15.202478] oct: Gadget /data/system/oct_offlog.conf open failed!
<7>[   15.399983] vdump: vdump_get_config
<7>[   15.403353] vdump: fp_cfg:fffffffe
<7>[   15.406671] vdump: vdump config not exist
<7>[   15.410775] vdump: Kernel vdump Thread running.
<11>[   15.477373] init: /dev/hw_random not found
<7>[   15.488638] SELinux: initialized (dev cgroup, type cgroup), uses genfs_contexts
<7>[   15.497095] SELinux: initialized (dev tmpfs, type tmpfs), uses transition SIDs
<7>[   15.505474] SELinux: initialized (dev cgroup, type cgroup), uses genfs_contexts
<7>[   15.517437] SELinux: initialized (dev tmpfs, type tmpfs), uses transition SIDs
<7>[   15.525397] SELinux: initialized (dev tmpfs, type tmpfs), uses transition SIDs
<7>[   15.536636] SELinux: initialized (dev cgroup, type cgroup), uses genfs_contexts
<7>[   15.546377] SELinux: initialized (dev pstore, type pstore), uses genfs_contexts
<11>[   15.556539] init: /dev/hw_random not found
<6>[   15.580020] EXT4-fs (mmcblk0p14): mounted filesystem with ordered data mode. Opts: (null)
<7>[   15.588492] SELinux: initialized (dev mmcblk0p14, type ext4), uses xattr
<14>[   15.595352] fs_mgr: __mount(source=/dev/block/platform/soc0/e0000000.noc/by-name/ImcPartID068,target=/system,type=ext4)=0
<6>[   15.910160] EXT4-fs (mmcblk0p16): recovery complete
<6>[   15.916148] EXT4-fs (mmcblk0p16): mounted filesystem with ordered data mode. Opts: journal_async_commit,noauto_da_alloc,discard,data=ordered
<7>[   15.928694] SELinux: initialized (dev mmcblk0p16, type ext4), uses xattr
<14>[   15.935462] fs_mgr: __mount(source=/dev/block/platform/soc0/e0000000.noc/by-name/ImcPartID069,target=/data,type=ext4)=0
<6>[   15.960372] EXT4-fs (mmcblk0p13): recovery complete
<6>[   15.966296] EXT4-fs (mmcblk0p13): mounted filesystem with ordered data mode. Opts: (null)
<7>[   15.974427] SELinux: initialized (dev mmcblk0p13, type ext4), uses xattr
<14>[   15.981143] fs_mgr: __mount(source=/dev/block/platform/soc0/e0000000.noc/by-name/ImcPartID070,target=/cache,type=ext4)=0
<6>[   16.082985] Adding 196604k swap on /dev/block/zram0.  Priority:-1 extents:1 across:196604k SS
<7>[   16.092905] SELinux: initialized (dev functionfs, type functionfs), uses genfs_contexts
<5>[   16.102537] random: nonblocking pool is initialized
<6>[   16.191675] zram: Cannot change disksize for initialized device
<11>[   16.210446] fs_mgr: swapon failed for /dev/block/zram0
<3>[   16.325064] binder: 157:157 transaction failed 29189, size 0-0
<4>[   16.386302] idi_bus_match:gnss-0-ttyGNSS: Using peripheral type for registration process is deprecated
<4>[   16.395662] idi_bus_match:gnss-0-ttyGNSS: Please idi device id and driver id table
<4>[   16.403952] ttyGNSS gnss-0: missing usif reset controller
<6>[   16.409688] ttyGNSS gnss-0: default 50ms fci poll
<6>[   16.414254] ttyGNSS gnss-0: runtime_pm_enabled is disable
<6>[   16.419724] ttyGNSS gnss-0: runtime_pm_debug is disable
<6>[   16.424837] ttyGNSS gnss-0: rpm_suspend_delay set to 5000
<6>[   16.430344] ttyGNSS gnss-0: auto_suspend_enable is disable
<4>[   16.435740] ttyGNSS gnss-0: Data path property set to IDI
<6>[   16.448778] gnss-0: ttyGNSS0 at MMIO 0xe7700000 (irq = 297, base_baud = 6500000) is a XGOLD_USIF
<6>[   16.449120] Loading modules backported from iwlwifi
<6>[   16.449128] iwlwifi-stack-slave-bus:release/LinuxCore5:3455:68df6cfe
<38>[   16.457605] logd.auditd: start
<11>[   16.483829] init: cannot find '/system/bin/debuggerd64', disabling 'debuggerd64'
<6>[   16.654885] rk_ion /dev/mvpipe-vpu_ion link 0xafdca700 established
<7>[   16.678180] SELinux: initialized (dev fuse, type fuse), uses genfs_contexts
<3>[   16.808504] opening device
<3>[   16.811219] [sec_rpc] rpc_call: Found entry ID: 0
<3>[   16.816055] [sec_rpc] rpc_call: Shared memory block size: 4046
<6>[   17.188421] oct: Gadget /data/system/oct_offlog.conf open failed!
<6>[   17.219163] cfg80211: Calling CRDA to update world regulatory domain
<6>[   17.291961] graphics fb0: rockchip fb use 3 buffers
<36>[   17.643123] type=1400 audit(946684812.959:3): avc: denied { getattr } for pid=291 comm="df" name="/" dev="binfmt_misc" ino=1 scontext=u:r:crashlogd:s0 tcontext=u:object_r:unlabeled:s0 tclass=filesystem
<4>[   18.092659] EXT4-fs: Warning: mounting with data=journal disables delayed allocation and O_DIRECT support!
<6>[   18.108461] Intel(R) Wireless WiFi driver for Linux, in-tree:d
<6>[   18.110374] warning: `rpc-daemon' uses 32-bit capabilities (legacy support in use)
<6>[   18.123369] Copyright(c) 2003- 2014 Intel Corporation
<3>[   18.130017] IWL_IDI wifi-0: No Wifi clock available
<3>[   18.134944] IWL_IDI wifi-0: No RTC clock available
<6>[   18.153483] IWL_IDI wifi-0: Selected bus type = IDI
<6>[   18.176746] EXT4-fs (mmcblk0p5): recovery complete
<6>[   18.183551] EXT4-fs (mmcblk0p5): mounted filesystem with journalled data mode. Opts: data=journal
<7>[   18.192869] SELinux: initialized (dev mmcblk0p5, type ext4), uses xattr
<6>[   18.242473] IWL_IDI wifi-0: loaded firmware version 25.228.9.0 op_mode iwlmvm
<3>[   18.275435] android_usb: already disabled
<6>[   18.304980] read descriptors
<6>[   18.307939] read strings
<6>[   18.310414] mtp_bind_config
<6>[   18.318935] dwc2 e2100000.usb: s3c_hsotg_corereset: reset failed, GRSTCTL=00000000
<6>[   18.337851] rockchip-vop vop0: blank mode:0
<3>[   18.370277] sw_fuel_gauge: sw_fuel_gauge_calculate_nvm_capacity_and_error:Battery removed
<6>[   18.392710] sw_fuel_gauge: NVM is invalid. Force to create calibration point here
<12>[   18.417307] healthd: battery l=72 v=3879 t=28.0 h=2 st=3 c=-884 chg=
<6>[   18.522876] IWL_IDI wifi-0: Detected Intel(R) Dual Band Wireless BGN7999, REV=0x0
<6>[   18.533112] IWL_IDI wifi-0: Loaded external partition NVM file nvmData (8748 bytes)
<7>[   18.550733] ieee80211 phy0: Selected rate control algorithm 'iwl-mvm-rs'
<6>[   19.174245] oct: Gadget /data/system/oct_offlog.conf open failed!
<3>[   20.339513] [sec_rpc] rpc_handle_cmd: Release caller sem for RPC context ID#2
<6>[   20.347658] VNVM-BE: opened device /dev/block/platform/soc0/e0000000.noc/by-name/ImcPartID022 size 8388608 bytes
<3>[   20.354906] [sec_rpc] rpc_call: Found entry ID: 0
<3>[   20.354916] [sec_rpc] rpc_call: Shared memory block size: 4046
<3>[   20.371190] [sec_rpc] rpc_handle_cmd: Release caller sem for RPC context ID#3
<6>[   20.373071] VNVM-BE: opened device /dev/block/platform/soc0/e0000000.noc/by-name/ImcPartID023 size 1048576 bytes
<6>[   20.373127] VNVM-BE: opened device /dev/block/platform/soc0/e0000000.noc/by-name/ImcPartID024 size 1048576 bytes
<3>[   20.465369] [sec_rpc] rpc_handle_cmd: Release caller sem for RPC context ID#1
<7>[   20.725567] SELinux: initialized (dev tmpfs, type tmpfs), uses transition SIDs
<3>[   22.655165] CIF ISP2.0 v4l2_enum_input(1262) ERR: index 2 out of bounds
<6>[   29.638339] mmc3524x 3-0030: sensor disable
<6>[   30.112339] request_suspend_state: wakeup (0->0) at 24131263175 (2000-01-01 00:00:25)
<6>[   31.050090] oct: write[/dev/mvpipe-bplog][15]: [at+xsystrace=0]
<6>[   31.257492] oct: read[/dev/mvpipe-bplog]: [at+xsystrace=0
<6>[   31.257492] OK
<6>[   31.257492] ]
<6>[   31.266600] oct: Gadget /dev/ttyGS1 open succeeded.
<12>[   38.088391] healthd: battery l=72 v=3970 t=30.0 h=2 st=3 c=-619 chg=
<12>[   38.117918] healthd: battery l=72 v=3893 t=30.0 h=2 st=3 c=-619 chg=
<6>[   38.653096] lowmemorykiller: lowmem_shrink: convert oom_adj to oom_score_adj:
<6>[   38.660326] lowmemorykiller: oom_adj 0 => oom_score_adj 0
<6>[   38.665590] lowmemorykiller: oom_adj 1 => oom_score_adj 58
<6>[   38.671182] lowmemorykiller: oom_adj 2 => oom_score_adj 117
<6>[   38.676662] lowmemorykiller: oom_adj 3 => oom_score_adj 176
<6>[   38.682206] lowmemorykiller: oom_adj 9 => oom_score_adj 529
<6>[   38.687944] lowmemorykiller: oom_adj 15 => oom_score_adj 1000
<6>[   40.082534] acc_open
<6>[   40.084776] acc_release
<36>[   43.444989] type=1400 audit(946684839.079:4): avc: denied { write } for pid=881 comm="m.intel.thermal" name="max_freq_level" dev="sysfs" ino=10475 scontext=u:r:system_app:s0 tcontext=u:object_r:sysfs:s0 tclass=file
<12>[   43.487094] healthd: battery l=72 v=3869 t=31.0 h=2 st=3 c=-875 chg=
<6>[   47.127168] kionix_accel 3-000e: ODR = 25 Hz
<4>[   48.026153] idi_bus_match:btif-0-ttyBT: Using peripheral type for registration process is deprecated
<4>[   48.038578] idi_bus_match:btif-0-ttyBT: Please idi device id and driver id table
<4>[   48.046283] ttyBT btif-0: No kernel clock available
<4>[   48.051316] ttyBT btif-0: No BTIP 78M clock available
<4>[   48.056389] ttyBT btif-0: No BTIP 104M clock available
<4>[   48.061373] ttyBT btif-0: No BTIP 32kHz clock available
<4>[   48.066637] ttyBT btif-0: No BTIP VCXO request available
<4>[   48.071811] ttyBT btif-0: No BTIP PWM ON request available
<4>[   48.077413] ttyBT btif-0: No BTIP RF ON request available
<3>[   48.083652] BTIF device PM registration success
<6>[   48.088266] btif-0: ttyBT0 at MMIO 0xe7200000 (irq = 0, base_baud = 0) is a XGOLD/BTIF
<6>[   48.896468] kionix_accel 3-000e: ODR = 50 Hz
<6>[   52.301256] kionix_accel 3-000e: ODR = 25 Hz
<12>[   73.013741] healthd: battery l=72 v=3932 t=33.0 h=2 st=3 c=-597 chg=
<12>[  108.858584] healthd: battery l=71 v=3979 t=33.0 h=2 st=3 c=-360 chg=
<36>[  134.060491] type=1400 audit(946684930.799:5): avc: denied { connectto } for pid=2233 comm="Thread-211" path=0052584E5F4D534C5F50475053 scontext=u:r:platform_app:s0 tcontext=u:r:RXN_IntApp:s0 tclass=unix_stream_socket
<6>[  149.745278] kionix_accel 3-000e: ODR = 50 Hz
<6>[  153.175016] kionix_accel 3-000e: ODR = 25 Hz
<6>[  161.798684] kionix_accel 3-000e: ODR = 50 Hz
<6>[  165.191481] kionix_accel 3-000e: ODR = 25 Hz
<12>[  168.219551] healthd: battery l=71 v=3968 t=34.0 h=2 st=3 c=-479 chg=
<12>[  227.577757] healthd: battery l=71 v=3964 t=34.0 h=2 st=3 c=-360 chg=
<12>[  286.897309] healthd: battery l=71 v=3967 t=34.0 h=2 st=3 c=-356 chg=
<36>[  314.094855] type=1400 audit(946685113.019:6): avc: denied { search } for pid=191 comm="crashlogd" name="/" dev="fuse" ino=0 scontext=u:r:crashlogd:s0 tcontext=u:object_r:fuse:s0 tclass=dir
<12>[  346.256084] healthd: battery l=71 v=3964 t=34.0 h=2 st=3 c=-356 chg=
<12>[  383.810237] healthd: battery l=70 v=3969 t=34.0 h=2 st=3 c=-360 chg=
<12>[  428.754461] healthd: battery l=70 v=3967 t=34.0 h=2 st=3 c=-372 chg=
<12>[  488.113773] healthd: battery l=70 v=3982 t=35.0 h=2 st=3 c=-360 chg=
<12>[  547.472839] healthd: battery l=70 v=3964 t=35.0 h=2 st=3 c=-356 chg=
<12>[  606.831296] healthd: battery l=70 v=3964 t=35.0 h=2 st=3 c=-356 chg=
<12>[  666.190432] healthd: battery l=70 v=3980 t=35.0 h=2 st=3 c=-360 chg=
<12>[  673.156180] healthd: battery l=69 v=3983 t=36.0 h=2 st=3 c=-363 chg=
<12>[  732.485236] healthd: battery l=69 v=3973 t=36.0 h=2 st=3 c=-356 chg=
<12>[  791.844098] healthd: battery l=69 v=3965 t=36.0 h=2 st=3 c=-360 chg=
<12>[  851.203488] healthd: battery l=69 v=3968 t=36.0 h=2 st=3 c=-360 chg=
<12>[  910.562199] healthd: battery l=69 v=3964 t=36.0 h=2 st=3 c=-356 chg=
<12>[  962.146002] healthd: battery l=68 v=3967 t=36.0 h=2 st=3 c=-360 chg=
<12>[ 1021.456261] healthd: battery l=68 v=3969 t=36.0 h=2 st=3 c=-360 chg=
<12>[ 1080.814565] healthd: battery l=68 v=3965 t=36.0 h=2 st=3 c=-360 chg=
<12>[ 1140.173639] healthd: battery l=68 v=3968 t=36.0 h=2 st=3 c=-360 chg=
<12>[ 1169.842970] healthd: battery l=68 v=3969 t=37.0 h=2 st=3 c=-360 chg=
<12>[ 1229.202398] healthd: battery l=68 v=3974 t=37.0 h=2 st=3 c=-360 chg=
<12>[ 1250.364854] healthd: battery l=67 v=3960 t=37.0 h=2 st=3 c=-363 chg=
<12>[ 1309.724450] healthd: battery l=67 v=3958 t=36.0 h=2 st=3 c=-360 chg=
<12>[ 1369.083231] healthd: battery l=67 v=3982 t=37.0 h=2 st=3 c=-427 chg=
<12>[ 1428.442533] healthd: battery l=67 v=3959 t=37.0 h=2 st=3 c=-393 chg=
<12>[ 1487.801494] healthd: battery l=67 v=3955 t=37.0 h=2 st=3 c=-405 chg=
<12>[ 1539.333713] healthd: battery l=66 v=3978 t=37.0 h=2 st=3 c=-360 chg=
<12>[ 1598.694711] healthd: battery l=66 v=3965 t=37.0 h=2 st=3 c=-360 chg=
<12>[ 1658.053499] healthd: battery l=66 v=3984 t=37.0 h=2 st=3 c=-360 chg=
<12>[ 1717.412486] healthd: battery l=66 v=3969 t=37.0 h=2 st=3 c=-360 chg=
<12>[ 1776.771924] healthd: battery l=66 v=3967 t=37.0 h=2 st=3 c=-360 chg=
<3>[ 1827.779705] [dsi] dsi_wait_status() FAILED reg 0x3 0x00000083 != 0x00000003
<6>[ 1827.787597] rockchip-vop vop0: blank mode:4
<6>[ 1827.799751] request_suspend_state: sleep (0->3) at 1843652935758 (2000-01-01 00:30:45)
<12>[ 1828.196596] healthd: battery l=65 v=3954 t=37.0 h=2 st=3 c=-729 chg=
<6>[ 1831.186104] PM: suspend entry 2000-01-01 00:30:48.541524953 UTC
<6>[ 1831.191937] PM: Syncing filesystems ... done.
<7>[ 1831.229307] PM: Preparing system for mem sleep
<6>[ 1831.233824] pause_sched_hint_timer: suspends
<7>[ 1831.258768] Freezing user space processes ... (elapsed 0.009 seconds) done.
<7>[ 1831.274977] Freezing remaining freezable tasks ... (elapsed 0.006 seconds) done.
<7>[ 1831.288702] PM: Entering mem sleep
<7>[ 1831.292051] Suspending console(s) (use no_console_suspend to debug)
<6>[ 1831.301234] fan54x_charger: fan: enable wakeirq
<6>[ 1831.302430] rpmb_rpc: rpmb partition suspended
<6>[ 1831.330687] ag620_swfgh: sw_fuel_gauge_hal_suspend: battery capacity: 1950mAh, voltage: 3967mV, alarm: 14400 secs
<3>[ 1831.331769] dpm_run_callback(): platform_pm_suspend+0x0/0x50 returns -16
<3>[ 1831.331796] PM: Device alarmtimer failed to suspend: error -16
<3>[ 1831.331818] PM: Some devices failed to suspend, or early wake event detected
<6>[ 1831.427782] rpmb_rpc: rpmb partition resumed
<6>[ 1831.428426] fan54x_charger: fan: disable wakeirq
<6>[ 1831.428946] PM: resume of devices complete after 98.269 msecs
<7>[ 1831.489095] PM: Finishing wakeup.
<7>[ 1831.492810] Restarting tasks ... done.
<6>[ 1831.501503] resume_sched_hint_timer: resumes
<6>[ 1831.506286] PM: suspend exit 2000-01-01 00:30:48.865599261 UTC
<6>[ 1834.466413] PM: suspend entry 2000-01-01 00:30:51.861677528 UTC
<6>[ 1834.472346] PM: Syncing filesystems ... done.
<7>[ 1834.500723] PM: Preparing system for mem sleep
<6>[ 1834.505106] pause_sched_hint_timer: suspends
<7>[ 1834.510609] Freezing user space processes ... (elapsed 0.007 seconds) done.
<7>[ 1834.525451] Freezing remaining freezable tasks ... (elapsed 0.006 seconds) done.
<7>[ 1834.539049] PM: Entering mem sleep
<7>[ 1834.542396] Suspending console(s) (use no_console_suspend to debug)
<6>[ 1834.551639] fan54x_charger: fan: enable wakeirq
<6>[ 1834.552818] rpmb_rpc: rpmb partition suspended
<6>[ 1834.581099] ag620_swfgh: sw_fuel_gauge_hal_suspend: battery capacity: 1950mAh, voltage: 3967mV, alarm: 14400 secs
<6>[ 1834.582432] rtc: xgold_rtc_set_alarm: hum time 2000-01-01 00:31:15
<3>[ 1834.583064] mmc3524x 3-0030: Unable to retrieve  platform data
<6>[ 1834.607329] PM: suspend of devices complete after 56.609 msecs
<6>[ 1834.611083] PM: late suspend of devices complete after 3.760 msecs
<6>[ 1834.616565] PM: noirq suspend of devices complete after 5.504 msecs
<7>[ 1834.616587] Disabling non-boot CPUs ...
<5>[ 1834.622686] Cannot set affinity for irq 259
<6>[ 1834.732967] smpboot: CPU 1 is now offline
<6>[ 1834.748284] smpboot: CPU 2 is now offline
<6>[ 1834.763861] smpboot: CPU 3 is now offline
<6>[ 1858.201339] Enabling non-boot CPUs ...
<6>[ 1858.201979] x86: Booting SMP configuration:
<6>[ 1858.201995] smpboot: Booting Node 0 Processor 1 APIC 0x1
<6>[ 1858.202529] Initializing CPU#1
<6>[ 1858.206033] xgold_stm_clkevent_setup: Setup clkevent for CPU1
<3>[ 1858.206374] xgold_stm_clkevent_setup: Installing vector 116 done
<6>[ 1858.207854] CPU1 is up
<6>[ 1858.208392] smpboot: Booting Node 0 Processor 2 APIC 0x2
<6>[ 1858.208941] Initializing CPU#2
<6>[ 1858.213128] Registering Capcom as clock event for cpu 2
<6>[ 1858.213154] Clock event device 2 set to SHUTDOWN
<6>[ 1858.213173] Clock event device 2 set to ONESHOT
<6>[ 1858.214314] CPU2 is up
<6>[ 1858.214813] smpboot: Booting Node 0 Processor 3 APIC 0x3
<6>[ 1858.215354] Initializing CPU#3
<6>[ 1858.219661] Registering Capcom as clock event for cpu 3
<6>[ 1858.219683] Clock event device 3 set to SHUTDOWN
<6>[ 1858.219702] Clock event device 3 set to ONESHOT
<6>[ 1858.220935] CPU3 is up
<6>[ 1858.225664] PM: noirq resume of devices complete after 2.098 msecs
<6>[ 1858.230364] PM: early resume of devices complete after 2.784 msecs
<3>[ 1858.232579] xgold-noc ef000000.l1_noc: NoC Error pending during resume
<3>[ 1858.232625] xgold-noc ef000000.l1_noc: Error interrupt -0 0x80030108 -1 0x00004d00 -3 0x00000008 -5 0x00000100 -7 0x0000001c
<6>[ 1858.862009] dsp_clock_init set state return 0
<6>[ 1858.865906] kpd-xgold e4200000.keypad: Keypad Resume
<3>[ 1858.946044] ps_sx9500 3-0028: Non support irq: 01
<6>[ 1859.041605] rpmb_rpc: rpmb partition resumed
<6>[ 1859.042259] fan54x_charger: fan: disable wakeirq
<6>[ 1859.042781] PM: resume of devices complete after 822.233 msecs
<7>[ 1859.260782] PM: Finishing wakeup.
<7>[ 1859.264383] Restarting tasks ... done.
<6>[ 1859.282138] resume_sched_hint_timer: resumes
<6>[ 1859.287118] PM: suspend exit 2000-01-01 00:31:16.983852279 UTC
<12>[ 1859.299789] healthd: battery l=65 v=3990 t=35.0 h=2 st=3 c=-57 chg=
<6>[ 1862.248435] PM: suspend entry 2000-01-01 00:31:19.981134046 UTC
<6>[ 1862.254280] PM: Syncing filesystems ... done.
<7>[ 1862.293175] PM: Preparing system for mem sleep
<6>[ 1862.297816] pause_sched_hint_timer: suspends
<7>[ 1862.303227] Freezing user space processes ... (elapsed 0.007 seconds) done.
<7>[ 1862.318775] Freezing remaining freezable tasks ... (elapsed 0.006 seconds) done.
<7>[ 1862.332339] PM: Entering mem sleep
<7>[ 1862.335690] Suspending console(s) (use no_console_suspend to debug)
<6>[ 1862.344889] fan54x_charger: fan: enable wakeirq
<6>[ 1862.346061] rpmb_rpc: rpmb partition suspended
<6>[ 1862.383401] ag620_swfgh: sw_fuel_gauge_hal_suspend: battery capacity: 1950mAh, voltage: 3967mV, alarm: 14400 secs
<6>[ 1862.384711] rtc: xgold_rtc_set_alarm: hum time 2000-01-01 00:35:44
<3>[ 1862.385344] mmc3524x 3-0030: Unable to retrieve  platform data
<6>[ 1862.409672] PM: suspend of devices complete after 65.803 msecs
<6>[ 1862.413391] PM: late suspend of devices complete after 3.723 msecs
<6>[ 1862.418894] PM: noirq suspend of devices complete after 5.528 msecs
<7>[ 1862.418913] Disabling non-boot CPUs ...
<6>[ 1862.432510] smpboot: CPU 1 is now offline
<6>[ 1862.448070] smpboot: CPU 2 is now offline
<6>[ 1862.463104] smpboot: CPU 3 is now offline
<6>[ 2123.823525] Enabling non-boot CPUs ...
<6>[ 2123.824148] x86: Booting SMP configuration:
<6>[ 2123.824163] smpboot: Booting Node 0 Processor 1 APIC 0x1
<6>[ 2123.824700] Initializing CPU#1
<6>[ 2123.828116] xgold_stm_clkevent_setup: Setup clkevent for CPU1
<3>[ 2123.828482] xgold_stm_clkevent_setup: Installing vector 116 done
<6>[ 2123.829556] CPU1 is up
<6>[ 2123.830089] smpboot: Booting Node 0 Processor 2 APIC 0x2
<6>[ 2123.830634] Initializing CPU#2
<6>[ 2123.835270] Registering Capcom as clock event for cpu 2
<6>[ 2123.835298] Clock event device 2 set to SHUTDOWN
<6>[ 2123.835319] Clock event device 2 set to ONESHOT
<6>[ 2123.836279] CPU2 is up
<6>[ 2123.836901] smpboot: Booting Node 0 Processor 3 APIC 0x3
<6>[ 2123.837440] Initializing CPU#3
<6>[ 2123.841791] Registering Capcom as clock event for cpu 3
<6>[ 2123.841814] Clock event device 3 set to SHUTDOWN
<6>[ 2123.841835] Clock event device 3 set to ONESHOT
<6>[ 2123.843514] CPU3 is up
<6>[ 2123.848336] PM: noirq resume of devices complete after 2.105 msecs
<6>[ 2123.852776] PM: early resume of devices complete after 2.764 msecs
<3>[ 2123.854920] xgold-noc ef000000.l1_noc: NoC Error pending during resume
<3>[ 2123.854969] xgold-noc ef000000.l1_noc: Error interrupt -0 0x80030108 -1 0x00004d00 -3 0x00000008 -5 0x00000100 -7 0x0000001c
<6>[ 2124.478545] dsp_clock_init set state return 0
<6>[ 2124.482594] kpd-xgold e4200000.keypad: Keypad Resume
<3>[ 2124.562208] ps_sx9500 3-0028: Non support irq: 01
<6>[ 2124.658140] rpmb_rpc: rpmb partition resumed
<6>[ 2124.658812] fan54x_charger: fan: disable wakeirq
<6>[ 2124.659329] PM: resume of devices complete after 816.294 msecs
<7>[ 2124.871787] PM: Finishing wakeup.
<7>[ 2124.874947] Restarting tasks ... done.
<6>[ 2124.891414] resume_sched_hint_timer: resumes
<6>[ 2124.898589] PM: suspend exit 2000-01-01 00:35:45.821370048 UTC
<12>[ 2124.909024] healthd: battery l=65 v=3983 t=30.0 h=2 st=3 c=-54 chg=
<6>[ 2127.854821] PM: suspend entry 2000-01-01 00:35:48.813509007 UTC
<6>[ 2127.860662] PM: Syncing filesystems ... done.
<7>[ 2127.896597] PM: Preparing system for mem sleep
<6>[ 2127.901239] pause_sched_hint_timer: suspends
<7>[ 2127.906795] Freezing user space processes ... (elapsed 0.009 seconds) done.
<7>[ 2127.922519] Freezing remaining freezable tasks ... (elapsed 0.006 seconds) done.
<7>[ 2127.936341] PM: Entering mem sleep
<7>[ 2127.939689] Suspending console(s) (use no_console_suspend to debug)
<6>[ 2127.948918] fan54x_charger: fan: enable wakeirq
<6>[ 2127.950085] rpmb_rpc: rpmb partition suspended
<6>[ 2127.979766] ag620_swfgh: sw_fuel_gauge_hal_suspend: battery capacity: 1950mAh, voltage: 3967mV, alarm: 14400 secs
<6>[ 2127.981063] rtc: xgold_rtc_set_alarm: hum time 2000-01-01 01:05:47
<3>[ 2127.981702] mmc3524x 3-0030: Unable to retrieve  platform data
<6>[ 2128.006057] PM: suspend of devices complete after 58.083 msecs
<6>[ 2128.009810] PM: late suspend of devices complete after 3.757 msecs
<6>[ 2128.015292] PM: noirq suspend of devices complete after 5.503 msecs
<7>[ 2128.015310] Disabling non-boot CPUs ...
<6>[ 2128.131235] smpboot: CPU 1 is now offline
<6>[ 2128.146782] smpboot: CPU 2 is now offline
<6>[ 2128.162250] smpboot: CPU 3 is now offline
<6>[ 3904.181299] Enabling non-boot CPUs ...
<6>[ 3904.181927] x86: Booting SMP configuration:
<6>[ 3904.181942] smpboot: Booting Node 0 Processor 1 APIC 0x1
<6>[ 3904.182474] Initializing CPU#1
<6>[ 3904.185975] xgold_stm_clkevent_setup: Setup clkevent for CPU1
<3>[ 3904.186323] xgold_stm_clkevent_setup: Installing vector 116 done
<6>[ 3904.188083] CPU1 is up
<6>[ 3904.188625] smpboot: Booting Node 0 Processor 2 APIC 0x2
<6>[ 3904.189171] Initializing CPU#2
<6>[ 3904.193424] Registering Capcom as clock event for cpu 2
<6>[ 3904.193450] Clock event device 2 set to SHUTDOWN
<6>[ 3904.193470] Clock event device 2 set to ONESHOT
<6>[ 3904.194559] CPU2 is up
<6>[ 3904.195058] smpboot: Booting Node 0 Processor 3 APIC 0x3
<6>[ 3904.195598] Initializing CPU#3
<6>[ 3904.200121] Registering Capcom as clock event for cpu 3
<6>[ 3904.200145] Clock event device 3 set to SHUTDOWN
<6>[ 3904.200165] Clock event device 3 set to ONESHOT
<6>[ 3904.201390] CPU3 is up
<6>[ 3904.206037] PM: noirq resume of devices complete after 2.065 msecs
<6>[ 3904.211068] PM: early resume of devices complete after 2.814 msecs
<3>[ 3904.212926] xgold-noc ef000000.l1_noc: Error interrupt -0 0x80030108 -1 0x00004d00 -3 0x00000008 -5 0x00000100 -7 0x0000001c
<6>[ 3904.832481] dsp_clock_init set state return 0
<6>[ 3904.836204] kpd-xgold e4200000.keypad: Keypad Resume
<3>[ 3904.916333] ps_sx9500 3-0028: Non support irq: 01
<6>[ 3905.020734] rpmb_rpc: rpmb partition resumed
<6>[ 3905.021387] fan54x_charger: fan: disable wakeirq
<6>[ 3905.021894] PM: resume of devices complete after 820.619 msecs
<7>[ 3905.223578] PM: Finishing wakeup.
<7>[ 3905.226926] Restarting tasks ... done.
<6>[ 3905.240966] resume_sched_hint_timer: resumes
<6>[ 3905.246033] PM: suspend exit 2000-01-01 01:05:47.792468566 UTC
<12>[ 3905.543816] healthd: battery l=65 v=3975 t=27.0 h=2 st=3 c=-51 chg=
<6>[ 3908.208775] PM: suspend entry 2000-01-01 01:05:50.791188564 UTC
<6>[ 3908.214614] PM: Syncing filesystems ... done.
<7>[ 3908.252451] PM: Preparing system for mem sleep
<6>[ 3908.256971] pause_sched_hint_timer: suspends
<7>[ 3908.262621] Freezing user space processes ... (elapsed 0.008 seconds) done.
<7>[ 3908.277907] Freezing remaining freezable tasks ... (elapsed 0.006 seconds) done.
<7>[ 3908.291558] PM: Entering mem sleep
<7>[ 3908.294907] Suspending console(s) (use no_console_suspend to debug)
<6>[ 3908.304184] fan54x_charger: fan: enable wakeirq
<6>[ 3908.305356] rpmb_rpc: rpmb partition suspended
<6>[ 3908.333609] ag620_swfgh: sw_fuel_gauge_hal_suspend: battery capacity: 1950mAh, voltage: 3967mV, alarm: 14400 secs
<6>[ 3908.334932] rtc: xgold_rtc_set_alarm: hum time 2000-01-01 01:41:46
<3>[ 3908.335574] mmc3524x 3-0030: Unable to retrieve  platform data
<6>[ 3908.359897] PM: suspend of devices complete after 56.626 msecs
<6>[ 3908.363667] PM: late suspend of devices complete after 3.774 msecs
<6>[ 3908.369192] PM: noirq suspend of devices complete after 5.541 msecs
<7>[ 3908.369211] Disabling non-boot CPUs ...
<6>[ 3908.485331] smpboot: CPU 1 is now offline
<6>[ 3908.501085] smpboot: CPU 2 is now offline
<6>[ 3908.516533] smpboot: CPU 3 is now offline
<6>[ 4883.139317] fan54x_charger: fan54x_charger_chgdet_cb
<6>[ 4883.139812] fan54x_charger: fan54x charging enabled
<6>[ 4883.139876] Enabling non-boot CPUs ...
<6>[ 4883.140507] x86: Booting SMP configuration:
<6>[ 4883.140523] smpboot: Booting Node 0 Processor 1 APIC 0x1
<6>[ 4883.141047] Initializing CPU#1
<6>[ 4883.144412] xgold_stm_clkevent_setup: Setup clkevent for CPU1
<3>[ 4883.144769] xgold_stm_clkevent_setup: Installing vector 116 done
<6>[ 4883.145696] CPU1 is up
<6>[ 4883.146310] smpboot: Booting Node 0 Processor 2 APIC 0x2
<6>[ 4883.146867] Initializing CPU#2
<6>[ 4883.151013] Registering Capcom as clock event for cpu 2
<6>[ 4883.151040] Clock event device 2 set to SHUTDOWN
<6>[ 4883.151063] Clock event device 2 set to ONESHOT
<6>[ 4883.152054] CPU2 is up
<6>[ 4883.152670] smpboot: Booting Node 0 Processor 3 APIC 0x3
<6>[ 4883.153208] Initializing CPU#3
<6>[ 4883.157812] Registering Capcom as clock event for cpu 3
<6>[ 4883.157837] Clock event device 3 set to SHUTDOWN
<6>[ 4883.157857] Clock event device 3 set to ONESHOT
<6>[ 4883.159115] CPU3 is up
<6>[ 4883.163934] PM: noirq resume of devices complete after 2.058 msecs
<6>[ 4883.168667] PM: early resume of devices complete after 2.779 msecs
<3>[ 4883.170466] xgold-noc ef000000.l1_noc: NoC Error pending during resume
<3>[ 4883.170511] xgold-noc ef000000.l1_noc: Error interrupt -0 0x80030108 -1 0x00004d00 -3 0x00000008 -5 0x00000100 -7 0x0000001c
<6>[ 4883.702222] fan54x_charger: fan54x_charger_chgint_cb
<6>[ 4883.789788] dsp_clock_init set state return 0
<6>[ 4883.793785] kpd-xgold e4200000.keypad: Keypad Resume
<3>[ 4883.873472] ps_sx9500 3-0028: Non support irq: 01
<6>[ 4883.970338] rpmb_rpc: rpmb partition resumed
<6>[ 4883.971063] fan54x_charger: fan: disable wakeirq
<6>[ 4883.971574] PM: resume of devices complete after 812.601 msecs
<7>[ 4884.199663] PM: Finishing wakeup.
<7>[ 4884.203168] Restarting tasks ... 
<7>[ 4884.208867] ###dragon#### fan54015_get_charger_statea 0xcf
<7>[ 4884.214551] done.
<6>[ 4884.216447] resume_sched_hint_timer: resumes
<6>[ 4884.216529] fan54x_charger: ###dragon#### vbus_state_prev=0x0 vbus_statue_now=0x1
<6>[ 4884.228586] PM: suspend exit 2000-01-01 01:22:18.665498356 UTC
<12>[ 4884.524756] healthd: battery l=65 v=4375 t=26.0 h=2 st=2 c=-9 chg=u
<6>[ 4884.537906] dwc2 e2100000.usb: new device is high-speed
<6>[ 4884.593968] android_work: sent uevent USB_STATE=CONNECTED
<6>[ 4884.625568] request_suspend_state: wakeup (3->0) at 1865309095666 (2000-01-01 01:22:19)
<6>[ 4884.648231] dwc2 e2100000.usb: new device is high-speed
<6>[ 4884.703490] dwc2 e2100000.usb: new address 68
<3>[ 4884.707820] xgold-noc ef000000.l1_noc: Error interrupt -0 0x80030008 -1 0x00004d20 -3 0x00000088 -5 0x00000100 -7 0x0000001c
<6>[ 4884.725211] android_usb gadget: high-speed config #1: android
<6>[ 4884.727602] android_work: sent uevent USB_STATE=CONFIGURED
<3>[ 4885.115676] [dsi] target framerate(60) cannot be reached, max 60
<6>[ 4885.115780] rockchip-vop vop0: blank mode:0
<6>[ 4886.651309] mtp_open
<12>[ 4894.274786] healthd: battery l=65 v=4055 t=28.0 h=2 st=2 c=-100 chg=u
<12>[ 4904.197308] healthd: battery l=65 v=4372 t=29.0 h=2 st=2 c=-106 chg=u
<12>[ 4904.221193] healthd: battery l=65 v=4112 t=29.0 h=2 st=2 c=-106 chg=u
<12>[ 4914.074485] healthd: battery l=65 v=4368 t=30.0 h=2 st=2 c=-106 chg=u
<12>[ 4923.996947] healthd: battery l=65 v=4368 t=31.0 h=2 st=2 c=-109 chg=u
<12>[ 4924.019145] healthd: battery l=65 v=4084 t=31.0 h=2 st=2 c=-109 chg=u
<12>[ 4933.875293] healthd: battery l=65 v=4362 t=31.0 h=2 st=2 c=-109 chg=u
<12>[ 4943.773414] healthd: battery l=65 v=4368 t=31.0 h=2 st=2 c=-97 chg=u
<12>[ 4943.820789] healthd: battery l=65 v=3914 t=31.0 h=2 st=2 c=-97 chg=u
<12>[ 4953.673597] healthd: battery l=65 v=4367 t=32.0 h=2 st=2 c=-115 chg=u
<12>[ 4963.573152] healthd: battery l=65 v=4368 t=32.0 h=2 st=2 c=-146 chg=u
<12>[ 4973.473220] healthd: battery l=65 v=4372 t=32.0 h=2 st=2 c=-97 chg=u
<12>[ 4983.394796] healthd: battery l=65 v=4368 t=33.0 h=2 st=2 c=-97 chg=u
<12>[ 4983.413828] healthd: battery l=65 v=4138 t=33.0 h=2 st=2 c=-97 chg=u
<12>[ 4993.272112] healthd: battery l=65 v=4369 t=33.0 h=2 st=2 c=-94 chg=u
<12>[ 5003.103089] healthd: battery l=65 v=4369 t=33.0 h=2 st=2 c=-268 chg=u
<12>[ 5003.172404] healthd: battery l=65 v=4367 t=33.0 h=2 st=2 c=-94 chg=u
<12>[ 5013.071867] healthd: battery l=65 v=4368 t=33.0 h=2 st=2 c=-97 chg=u
<12>[ 5022.971595] healthd: battery l=65 v=4368 t=33.0 h=2 st=2 c=-97 chg=u
<12>[ 5032.871955] healthd: battery l=65 v=4368 t=34.0 h=2 st=2 c=-97 chg=u
<12>[ 5042.771149] healthd: battery l=65 v=4373 t=34.0 h=2 st=2 c=-97 chg=u
<12>[ 5052.671164] healthd: battery l=65 v=4367 t=34.0 h=2 st=2 c=-97 chg=u
<12>[ 5062.382962] healthd: battery l=65 v=4365 t=34.0 h=2 st=2 c=-97 chg=u
<12>[ 5062.570450] healthd: battery l=65 v=4224 t=34.0 h=2 st=2 c=-97 chg=u
<12>[ 5072.470506] healthd: battery l=65 v=4367 t=34.0 h=2 st=2 c=-97 chg=u
<12>[ 5082.370376] healthd: battery l=65 v=4364 t=34.0 h=2 st=2 c=-100 chg=u
<12>[ 5092.269526] healthd: battery l=65 v=4370 t=34.0 h=2 st=2 c=-97 chg=u
<12>[ 5102.192067] healthd: battery l=65 v=4372 t=35.0 h=2 st=2 c=-97 chg=u
<12>[ 5102.211080] healthd: battery l=65 v=4164 t=35.0 h=2 st=2 c=-97 chg=u
<12>[ 5112.069500] healthd: battery l=65 v=4212 t=35.0 h=2 st=2 c=-100 chg=u
<12>[ 5121.663580] healthd: battery l=65 v=4364 t=35.0 h=2 st=2 c=-100 chg=u
<12>[ 5121.969098] healthd: battery l=65 v=4344 t=35.0 h=2 st=2 c=-100 chg=u
<12>[ 5131.869193] healthd: battery l=65 v=4370 t=35.0 h=2 st=2 c=-103 chg=u
<12>[ 5141.768826] healthd: battery l=65 v=4365 t=35.0 h=2 st=2 c=-100 chg=u
<12>[ 5151.668586] healthd: battery l=65 v=4372 t=35.0 h=2 st=2 c=-100 chg=u
<12>[ 5161.566444] healthd: battery l=65 v=4368 t=35.0 h=2 st=2 c=-100 chg=u
<12>[ 5171.468120] healthd: battery l=65 v=4370 t=35.0 h=2 st=2 c=-103 chg=u
<12>[ 5180.943206] healthd: battery l=65 v=4368 t=35.0 h=2 st=2 c=-103 chg=u
<12>[ 5181.365998] healthd: battery l=65 v=4009 t=35.0 h=2 st=2 c=-103 chg=u
<12>[ 5191.267492] healthd: battery l=65 v=4365 t=36.0 h=2 st=2 c=-103 chg=u
<12>[ 5201.167054] healthd: battery l=65 v=4368 t=36.0 h=2 st=2 c=-103 chg=u
<12>[ 5211.065956] healthd: battery l=65 v=4367 t=36.0 h=2 st=2 c=-103 chg=u
<12>[ 5220.967018] healthd: battery l=65 v=4372 t=36.0 h=2 st=2 c=-106 chg=u
<12>[ 5230.866525] healthd: battery l=65 v=4335 t=36.0 h=2 st=2 c=-103 chg=u
<12>[ 5240.223176] healthd: battery l=65 v=4370 t=36.0 h=2 st=2 c=-103 chg=u
<12>[ 5240.766878] healthd: battery l=65 v=4272 t=36.0 h=2 st=2 c=-103 chg=u
<12>[ 5250.666333] healthd: battery l=65 v=4367 t=36.0 h=2 st=2 c=-103 chg=u
<12>[ 5260.565962] healthd: battery l=65 v=4367 t=36.0 h=2 st=2 c=-106 chg=u
<12>[ 5270.465383] healthd: battery l=65 v=4367 t=36.0 h=2 st=2 c=-106 chg=u
<12>[ 5280.365314] healthd: battery l=65 v=4364 t=36.0 h=2 st=2 c=-103 chg=u
<12>[ 5290.266220] healthd: battery l=65 v=4280 t=36.0 h=2 st=2 c=-106 chg=u
<12>[ 5299.503070] healthd: battery l=65 v=4368 t=36.0 h=2 st=2 c=-103 chg=u
<12>[ 5300.165005] healthd: battery l=65 v=4364 t=36.0 h=2 st=2 c=-103 chg=u
<12>[ 5310.064914] healthd: battery l=65 v=4357 t=36.0 h=2 st=2 c=-106 chg=u
<12>[ 5319.964340] healthd: battery l=65 v=4367 t=36.0 h=2 st=2 c=-103 chg=u
<12>[ 5329.886059] healthd: battery l=65 v=4369 t=37.0 h=2 st=2 c=-106 chg=u
<12>[ 5329.903592] healthd: battery l=65 v=4012 t=36.0 h=2 st=2 c=-106 chg=u
<12>[ 5339.763906] healthd: battery l=65 v=4373 t=37.0 h=2 st=2 c=-106 chg=u
<12>[ 5349.663645] healthd: battery l=65 v=4373 t=37.0 h=2 st=2 c=-106 chg=u
<12>[ 5358.783049] healthd: battery l=65 v=4368 t=37.0 h=2 st=2 c=-103 chg=u
<12>[ 5359.563734] healthd: battery l=65 v=4335 t=37.0 h=2 st=2 c=-103 chg=u
<12>[ 5369.463449] healthd: battery l=65 v=4098 t=37.0 h=2 st=2 c=-106 chg=u
<12>[ 5379.363284] healthd: battery l=65 v=4365 t=37.0 h=2 st=2 c=-106 chg=u
<12>[ 5389.262868] healthd: battery l=65 v=4368 t=37.0 h=2 st=2 c=-103 chg=u
<12>[ 5399.162620] healthd: battery l=65 v=4363 t=37.0 h=2 st=2 c=-103 chg=u
<12>[ 5409.062705] healthd: battery l=65 v=4367 t=37.0 h=2 st=2 c=-106 chg=u
<12>[ 5418.063339] healthd: battery l=65 v=4369 t=37.0 h=2 st=2 c=-103 chg=u
<12>[ 5418.962123] healthd: battery l=65 v=4363 t=37.0 h=2 st=2 c=-103 chg=u
<12>[ 5428.861761] healthd: battery l=65 v=4364 t=37.0 h=2 st=2 c=-103 chg=u
<12>[ 5438.762002] healthd: battery l=65 v=4369 t=37.0 h=2 st=2 c=-106 chg=u
<12>[ 5448.661583] healthd: battery l=65 v=4368 t=37.0 h=2 st=2 c=-106 chg=u
<12>[ 5458.561027] healthd: battery l=65 v=4369 t=37.0 h=2 st=2 c=-103 chg=u
<12>[ 5468.461527] healthd: battery l=65 v=4364 t=37.0 h=2 st=2 c=-103 chg=u
<12>[ 5477.343064] healthd: battery l=65 v=4372 t=37.0 h=2 st=2 c=-103 chg=u
<12>[ 5478.360782] healthd: battery l=65 v=4307 t=37.0 h=2 st=2 c=-128 chg=u
<12>[ 5488.260334] healthd: battery l=65 v=4373 t=37.0 h=2 st=2 c=-103 chg=u
<12>[ 5498.159868] healthd: battery l=65 v=4372 t=37.0 h=2 st=2 c=-103 chg=u
<12>[ 5508.059850] healthd: battery l=65 v=4367 t=37.0 h=2 st=2 c=-103 chg=u
<12>[ 5517.957204] healthd: battery l=65 v=4357 t=38.0 h=2 st=2 c=-103 chg=u
<12>[ 5527.859360] healthd: battery l=65 v=4370 t=38.0 h=2 st=2 c=-103 chg=u
<12>[ 5536.623075] healthd: battery l=65 v=4368 t=38.0 h=2 st=2 c=-103 chg=u
<12>[ 5537.759460] healthd: battery l=65 v=4357 t=38.0 h=2 st=2 c=-128 chg=u
<12>[ 5547.657649] healthd: battery l=65 v=4367 t=38.0 h=2 st=2 c=-103 chg=u
<12>[ 5557.558791] healthd: battery l=65 v=4365 t=38.0 h=2 st=2 c=-103 chg=u
<12>[ 5567.458595] healthd: battery l=65 v=4365 t=38.0 h=2 st=2 c=-103 chg=u
<12>[ 5577.358098] healthd: battery l=65 v=4359 t=38.0 h=2 st=2 c=-103 chg=u
<12>[ 5587.257595] healthd: battery l=65 v=4362 t=38.0 h=2 st=2 c=-103 chg=u
<12>[ 5595.903056] healthd: battery l=65 v=4370 t=38.0 h=2 st=2 c=-106 chg=u
<12>[ 5597.158214] healthd: battery l=65 v=4367 t=38.0 h=2 st=2 c=-125 chg=u
<12>[ 5607.057748] healthd: battery l=65 v=4369 t=38.0 h=2 st=2 c=-106 chg=u
<12>[ 5616.957066] healthd: battery l=65 v=4170 t=38.0 h=2 st=2 c=-103 chg=u
<12>[ 5626.857002] healthd: battery l=65 v=4367 t=38.0 h=2 st=2 c=-103 chg=u
<12>[ 5636.766442] healthd: battery l=65 v=4370 t=38.0 h=2 st=2 c=-106 chg=u
<12>[ 5646.658055] healthd: battery l=65 v=4363 t=38.0 h=2 st=2 c=-106 chg=u
<12>[ 5655.183237] healthd: battery l=65 v=4368 t=38.0 h=2 st=2 c=-103 chg=u
<12>[ 5656.556503] healthd: battery l=65 v=4354 t=38.0 h=2 st=2 c=-128 chg=u
<12>[ 5666.456103] healthd: battery l=65 v=4372 t=38.0 h=2 st=2 c=-103 chg=u
<12>[ 5676.356137] healthd: battery l=65 v=4343 t=38.0 h=2 st=2 c=-106 chg=u
<12>[ 5686.255672] healthd: battery l=65 v=4369 t=38.0 h=2 st=2 c=-103 chg=u
<12>[ 5696.155356] healthd: battery l=65 v=4367 t=38.0 h=2 st=2 c=-106 chg=u
<12>[ 5706.055301] healthd: battery l=65 v=4367 t=38.0 h=2 st=2 c=-106 chg=u
<12>[ 5714.463213] healthd: battery l=65 v=4369 t=38.0 h=2 st=2 c=-106 chg=u
<12>[ 5715.954834] healthd: battery l=65 v=4282 t=38.0 h=2 st=2 c=-125 chg=u
<12>[ 5725.858103] healthd: battery l=65 v=4105 t=38.0 h=2 st=2 c=-103 chg=u
<12>[ 5735.754624] healthd: battery l=65 v=4364 t=38.0 h=2 st=2 c=-103 chg=u
<12>[ 5745.654260] healthd: battery l=65 v=4364 t=38.0 h=2 st=2 c=-106 chg=u
<12>[ 5754.368451] healthd: battery l=64 v=4364 t=38.0 h=2 st=2 c=-106 chg=u
<12>[ 5755.553896] healthd: battery l=64 v=4367 t=38.0 h=2 st=2 c=-122 chg=u
<12>[ 5765.453328] healthd: battery l=64 v=4368 t=38.0 h=2 st=2 c=-106 chg=u
<12>[ 5773.743023] healthd: battery l=64 v=4367 t=38.0 h=2 st=2 c=-106 chg=u
<12>[ 5775.354081] healthd: battery l=64 v=4363 t=38.0 h=2 st=2 c=-125 chg=u
<12>[ 5785.253361] healthd: battery l=64 v=4369 t=38.0 h=2 st=2 c=-103 chg=u
<12>[ 5795.153241] healthd: battery l=64 v=4367 t=38.0 h=2 st=2 c=-103 chg=u
<12>[ 5805.052729] healthd: battery l=64 v=4369 t=38.0 h=2 st=2 c=-109 chg=u
<12>[ 5814.952610] healthd: battery l=64 v=4349 t=38.0 h=2 st=2 c=-106 chg=u
<12>[ 5824.853133] healthd: battery l=64 v=4368 t=38.0 h=2 st=2 c=-106 chg=u
<12>[ 5833.023152] healthd: battery l=64 v=4365 t=38.0 h=2 st=2 c=-106 chg=u
<12>[ 5834.752037] healthd: battery l=64 v=4364 t=38.0 h=2 st=2 c=-128 chg=u
<12>[ 5844.674123] healthd: battery l=64 v=4370 t=39.0 h=2 st=2 c=-106 chg=u
<12>[ 5844.693400] healthd: battery l=64 v=4024 t=39.0 h=2 st=2 c=-106 chg=u
<12>[ 5854.552201] healthd: battery l=64 v=4365 t=39.0 h=2 st=2 c=-106 chg=u
<12>[ 5864.451085] healthd: battery l=64 v=4194 t=38.0 h=2 st=2 c=-106 chg=u
<12>[ 5874.350947] healthd: battery l=64 v=4365 t=39.0 h=2 st=2 c=-103 chg=u
<12>[ 5884.250903] healthd: battery l=64 v=4368 t=39.0 h=2 st=2 c=-103 chg=u
<12>[ 5892.303209] healthd: battery l=64 v=4365 t=39.0 h=2 st=2 c=-106 chg=u
<12>[ 5894.150637] healthd: battery l=64 v=4359 t=39.0 h=2 st=2 c=-128 chg=u
<12>[ 5904.050340] healthd: battery l=64 v=4364 t=39.0 h=2 st=2 c=-106 chg=u
<12>[ 5913.949719] healthd: battery l=64 v=4365 t=39.0 h=2 st=2 c=-103 chg=u
<12>[ 5923.849609] healthd: battery l=64 v=4372 t=39.0 h=2 st=2 c=-109 chg=u
<12>[ 5933.747811] healthd: battery l=64 v=4374 t=39.0 h=2 st=2 c=-106 chg=u
<12>[ 5943.649636] healthd: battery l=64 v=4367 t=39.0 h=2 st=2 c=-106 chg=u
<12>[ 5951.583439] healthd: battery l=64 v=4368 t=39.0 h=2 st=2 c=-106 chg=u
<12>[ 5953.549726] healthd: battery l=64 v=4364 t=39.0 h=2 st=2 c=-118 chg=u
<12>[ 5963.449081] healthd: battery l=64 v=4369 t=39.0 h=2 st=2 c=-106 chg=u
<12>[ 5973.348685] healthd: battery l=64 v=4372 t=39.0 h=2 st=2 c=-106 chg=u
<12>[ 5983.248578] healthd: battery l=64 v=4369 t=39.0 h=2 st=2 c=-106 chg=u
<12>[ 5993.148256] healthd: battery l=64 v=4360 t=39.0 h=2 st=2 c=-134 chg=u
<12>[ 6003.047869] healthd: battery l=64 v=4372 t=39.0 h=2 st=2 c=-106 chg=u
<12>[ 6010.863149] healthd: battery l=64 v=4370 t=39.0 h=2 st=2 c=-106 chg=u
<12>[ 6012.947536] healthd: battery l=64 v=4362 t=39.0 h=2 st=2 c=-118 chg=u
<12>[ 6022.847513] healthd: battery l=64 v=4364 t=39.0 h=2 st=2 c=-106 chg=u
<12>[ 6032.747471] healthd: battery l=64 v=4367 t=39.0 h=2 st=2 c=-106 chg=u
<12>[ 6042.644388] healthd: battery l=64 v=4359 t=39.0 h=2 st=2 c=-210 chg=u
<12>[ 6052.544043] healthd: battery l=64 v=4292 t=40.0 h=2 st=2 c=-192 chg=u
<12>[ 6062.444436] healthd: battery l=64 v=4012 t=40.0 h=2 st=2 c=-201 chg=u
<12>[ 6070.143184] healthd: battery l=64 v=4364 t=40.0 h=2 st=2 c=-106 chg=u
<12>[ 6072.346631] healthd: battery l=64 v=4358 t=40.0 h=2 st=2 c=-118 chg=u
<12>[ 6082.246292] healthd: battery l=64 v=4369 t=40.0 h=2 st=2 c=-106 chg=u
<12>[ 6092.145875] healthd: battery l=64 v=4368 t=40.0 h=2 st=2 c=-103 chg=u
<12>[ 6102.045760] healthd: battery l=64 v=4368 t=40.0 h=2 st=2 c=-106 chg=u
<12>[ 6111.945263] healthd: battery l=64 v=4363 t=40.0 h=2 st=2 c=-164 chg=u
<12>[ 6121.845973] healthd: battery l=64 v=4367 t=40.0 h=2 st=2 c=-106 chg=u
<12>[ 6129.423013] healthd: battery l=64 v=4370 t=40.0 h=2 st=2 c=-106 chg=u
<12>[ 6131.744805] healthd: battery l=64 v=4359 t=40.0 h=2 st=2 c=-118 chg=u
<12>[ 6141.644569] healthd: battery l=64 v=4367 t=40.0 h=2 st=2 c=-103 chg=u
<12>[ 6151.544493] healthd: battery l=64 v=4369 t=40.0 h=2 st=2 c=-103 chg=u
<12>[ 6161.443693] healthd: battery l=64 v=4367 t=40.0 h=2 st=2 c=-106 chg=u
<12>[ 6171.344058] healthd: battery l=64 v=4367 t=40.0 h=2 st=2 c=-125 chg=u
<12>[ 6181.243638] healthd: battery l=64 v=4364 t=40.0 h=2 st=2 c=-106 chg=u
<12>[ 6188.703221] healthd: battery l=64 v=4372 t=40.0 h=2 st=2 c=-106 chg=u
<12>[ 6191.143445] healthd: battery l=64 v=4368 t=39.0 h=2 st=2 c=-115 chg=u
<12>[ 6201.043430] healthd: battery l=64 v=4212 t=40.0 h=2 st=2 c=-106 chg=u
<12>[ 6210.942730] healthd: battery l=64 v=4367 t=40.0 h=2 st=2 c=-103 chg=u
<12>[ 6220.842651] healthd: battery l=64 v=4360 t=40.0 h=2 st=2 c=-106 chg=u
<12>[ 6230.742632] healthd: battery l=64 v=4362 t=39.0 h=2 st=2 c=-131 chg=u
<12>[ 6240.642385] healthd: battery l=64 v=4369 t=40.0 h=2 st=2 c=-106 chg=u
<12>[ 6247.983133] healthd: battery l=64 v=4370 t=40.0 h=2 st=2 c=-106 chg=u
<12>[ 6250.542536] healthd: battery l=64 v=4364 t=40.0 h=2 st=2 c=-118 chg=u
<12>[ 6260.442231] healthd: battery l=64 v=4367 t=40.0 h=2 st=2 c=-106 chg=u
<12>[ 6270.341236] healthd: battery l=64 v=4373 t=40.0 h=2 st=2 c=-109 chg=u
<12>[ 6280.240668] healthd: battery l=64 v=4370 t=40.0 h=2 st=2 c=-106 chg=u
<12>[ 6290.140813] healthd: battery l=64 v=4364 t=40.0 h=2 st=2 c=-128 chg=u
<12>[ 6300.041074] healthd: battery l=64 v=4370 t=40.0 h=2 st=2 c=-106 chg=u
<12>[ 6307.262971] healthd: battery l=64 v=4372 t=39.0 h=2 st=2 c=-106 chg=u
<12>[ 6309.950540] healthd: battery l=64 v=4370 t=40.0 h=2 st=2 c=-118 chg=u
<12>[ 6319.840094] healthd: battery l=64 v=4368 t=40.0 h=2 st=2 c=-112 chg=u
<12>[ 6329.740305] healthd: battery l=64 v=4077 t=40.0 h=2 st=2 c=-106 chg=u
<12>[ 6339.639446] healthd: battery l=64 v=4369 t=40.0 h=2 st=2 c=-106 chg=u
<12>[ 6349.539732] healthd: battery l=64 v=4364 t=40.0 h=2 st=2 c=-137 chg=u
<12>[ 6359.439162] healthd: battery l=64 v=4150 t=40.0 h=2 st=2 c=-106 chg=u
<12>[ 6366.542891] healthd: battery l=64 v=4372 t=40.0 h=2 st=2 c=-106 chg=u
<12>[ 6369.338953] healthd: battery l=64 v=4370 t=40.0 h=2 st=2 c=-118 chg=u
<12>[ 6379.239304] healthd: battery l=64 v=4369 t=40.0 h=2 st=2 c=-106 chg=u
<12>[ 6389.138845] healthd: battery l=64 v=4373 t=40.0 h=2 st=2 c=-106 chg=u
<12>[ 6399.038300] healthd: battery l=64 v=4372 t=40.0 h=2 st=2 c=-106 chg=u
<12>[ 6408.937744] healthd: battery l=64 v=4365 t=40.0 h=2 st=2 c=-128 chg=u
<12>[ 6418.837619] healthd: battery l=64 v=4364 t=40.0 h=2 st=2 c=-106 chg=u
<12>[ 6425.823229] healthd: battery l=64 v=4364 t=40.0 h=2 st=2 c=-106 chg=u
<12>[ 6428.738869] healthd: battery l=64 v=4369 t=40.0 h=2 st=2 c=-106 chg=u
<12>[ 6438.637735] healthd: battery l=64 v=4367 t=40.0 h=2 st=2 c=-106 chg=u
<12>[ 6448.536997] healthd: battery l=64 v=4372 t=40.0 h=2 st=2 c=-106 chg=u
<12>[ 6458.436890] healthd: battery l=64 v=4368 t=40.0 h=2 st=2 c=-106 chg=u
<12>[ 6468.336353] healthd: battery l=64 v=4363 t=40.0 h=2 st=2 c=-118 chg=u
<12>[ 6478.236101] healthd: battery l=64 v=4367 t=40.0 h=2 st=2 c=-103 chg=u
<12>[ 6485.113673] healthd: battery l=64 v=4367 t=40.0 h=2 st=2 c=-103 chg=u
<12>[ 6488.136256] healthd: battery l=64 v=4364 t=40.0 h=2 st=2 c=-103 chg=u
<12>[ 6498.035472] healthd: battery l=64 v=4365 t=40.0 h=2 st=2 c=-106 chg=u
<12>[ 6507.935733] healthd: battery l=64 v=4370 t=40.0 h=2 st=2 c=-106 chg=u
<12>[ 6517.835388] healthd: battery l=64 v=4368 t=40.0 h=2 st=2 c=-103 chg=u
<12>[ 6527.735001] healthd: battery l=64 v=4365 t=40.0 h=2 st=2 c=-118 chg=u
<12>[ 6537.635779] healthd: battery l=64 v=4367 t=40.0 h=2 st=2 c=-106 chg=u
<12>[ 6544.381065] healthd: battery l=64 v=4369 t=40.0 h=2 st=2 c=-106 chg=u
<12>[ 6547.534608] healthd: battery l=64 v=4363 t=40.0 h=2 st=2 c=-122 chg=u
<12>[ 6557.434569] healthd: battery l=64 v=4365 t=40.0 h=2 st=2 c=-106 chg=u
<12>[ 6567.334550] healthd: battery l=64 v=4364 t=40.0 h=2 st=2 c=-106 chg=u
<12>[ 6577.234123] healthd: battery l=64 v=4367 t=40.0 h=2 st=2 c=-106 chg=u
<12>[ 6587.133489] healthd: battery l=64 v=4362 t=40.0 h=2 st=2 c=-118 chg=u
<12>[ 6597.031554] healthd: battery l=64 v=4372 t=40.0 h=2 st=2 c=-103 chg=u
<12>[ 6603.662831] healthd: battery l=64 v=4372 t=40.0 h=2 st=2 c=-106 chg=u
<12>[ 6606.933167] healthd: battery l=64 v=4370 t=40.0 h=2 st=2 c=-103 chg=u
<12>[ 6616.832859] healthd: battery l=64 v=4372 t=40.0 h=2 st=2 c=-106 chg=u
<12>[ 6626.732502] healthd: battery l=64 v=4368 t=40.0 h=2 st=2 c=-106 chg=u
<12>[ 6636.632853] healthd: battery l=64 v=4370 t=40.0 h=2 st=2 c=-106 chg=u
<12>[ 6646.532207] healthd: battery l=64 v=4367 t=40.0 h=2 st=2 c=-118 chg=u
<12>[ 6656.432561] healthd: battery l=64 v=4373 t=40.0 h=2 st=2 c=-106 chg=u
<12>[ 6662.943005] healthd: battery l=64 v=4365 t=40.0 h=2 st=2 c=-67 chg=u
<12>[ 6663.188459] healthd: battery l=63 v=3959 t=40.0 h=2 st=2 c=-67 chg=u
<3>[ 6664.060026] [dsi] dsi_wait_status() FAILED reg 0x3 0x00000083 != 0x00000003
<6>[ 6664.070999] rockchip-vop vop0: blank mode:4
<6>[ 6664.082781] request_suspend_state: sleep (0->3) at 3666379147070 (2000-01-01 01:52:20)
<12>[ 6666.331804] healthd: battery l=63 v=4374 t=39.0 h=2 st=2 c=3 chg=u
<12>[ 6676.231849] healthd: battery l=63 v=4370 t=38.0 h=2 st=2 c=18 chg=u
<12>[ 6686.162934] healthd: battery l=100 v=4020 t=38.0 h=2 st=5 c=18 chg=
<12>[ 6686.180171] healthd: battery l=100 v=4000 t=38.0 h=2 st=5 c=18 chg=
<12>[ 6686.198425] healthd: battery l=100 v=3982 t=38.0 h=2 st=5 c=18 chg=
<6>[ 6686.225996] request_suspend_state: wakeup (3->0) at 3688791308900 (2000-01-01 01:52:42)
<3>[ 6686.705434] [dsi] target framerate(60) cannot be reached, max 60
<6>[ 6686.705461] rockchip-vop vop0: blank mode:0
<12>[ 6696.030900] healthd: battery l=100 v=3974 t=38.0 h=2 st=5 c=-286 chg=
<12>[ 6705.930615] healthd: battery l=100 v=3983 t=39.0 h=2 st=5 c=-308 chg=
<12>[ 6715.830554] healthd: battery l=100 v=3972 t=39.0 h=2 st=5 c=-283 chg=
<12>[ 6725.730591] healthd: battery l=100 v=3970 t=39.0 h=2 st=5 c=-286 chg=
<12>[ 6735.630373] healthd: battery l=100 v=3964 t=39.0 h=2 st=5 c=-286 chg=
<12>[ 6745.529964] healthd: battery l=100 v=3972 t=39.0 h=2 st=5 c=-286 chg=
<12>[ 6755.429698] healthd: battery l=100 v=3972 t=39.0 h=2 st=5 c=-286 chg=
<12>[ 6765.329865] healthd: battery l=100 v=3955 t=38.0 h=2 st=5 c=-305 chg=
<12>[ 6775.229182] healthd: battery l=100 v=3984 t=39.0 h=2 st=5 c=-283 chg=
<12>[ 6785.129386] healthd: battery l=100 v=3965 t=38.0 h=2 st=5 c=-283 chg=
<12>[ 6795.028113] healthd: battery l=100 v=3965 t=39.0 h=2 st=5 c=-286 chg=
<12>[ 6804.928001] healthd: battery l=100 v=3985 t=38.0 h=2 st=5 c=-286 chg=
<12>[ 6814.828315] healthd: battery l=100 v=3972 t=38.0 h=2 st=5 c=-286 chg=
<12>[ 6824.727331] healthd: battery l=100 v=3969 t=38.0 h=2 st=5 c=-308 chg=
<12>[ 6834.628150] healthd: battery l=100 v=3969 t=38.0 h=2 st=5 c=-286 chg=
<12>[ 6844.525713] healthd: battery l=100 v=3984 t=38.0 h=2 st=5 c=-286 chg=
<12>[ 6854.426576] healthd: battery l=100 v=3969 t=38.0 h=2 st=5 c=-286 chg=
<12>[ 6859.643967] healthd: battery l=99 v=3962 t=38.0 h=2 st=5 c=-286 chg=
<12>[ 6864.326893] healthd: battery l=99 v=3967 t=38.0 h=2 st=5 c=-289 chg=
<12>[ 6874.226194] healthd: battery l=99 v=3975 t=38.0 h=2 st=5 c=-286 chg=
<12>[ 6884.126171] healthd: battery l=99 v=3967 t=38.0 h=2 st=5 c=-308 chg=
<12>[ 6894.025818] healthd: battery l=99 v=3969 t=38.0 h=2 st=5 c=-286 chg=
<12>[ 6903.925732] healthd: battery l=99 v=3970 t=38.0 h=2 st=5 c=-286 chg=
<12>[ 6913.825525] healthd: battery l=99 v=3973 t=38.0 h=2 st=5 c=-286 chg=
<12>[ 6923.725589] healthd: battery l=99 v=3975 t=38.0 h=2 st=5 c=-286 chg=
<12>[ 6933.625194] healthd: battery l=99 v=3978 t=38.0 h=2 st=5 c=-286 chg=
<12>[ 6943.524607] healthd: battery l=99 v=3985 t=38.0 h=2 st=5 c=-308 chg=
<12>[ 6953.424588] healthd: battery l=99 v=3972 t=38.0 h=2 st=5 c=-283 chg=
<12>[ 6963.324205] healthd: battery l=99 v=3972 t=38.0 h=2 st=5 c=-286 chg=
<12>[ 6973.224605] healthd: battery l=99 v=3969 t=38.0 h=2 st=5 c=-286 chg=
<12>[ 6983.124742] healthd: battery l=99 v=3970 t=38.0 h=2 st=5 c=-286 chg=
<12>[ 6993.023321] healthd: battery l=99 v=3972 t=38.0 h=2 st=5 c=-283 chg=
<12>[ 7002.923309] healthd: battery l=99 v=3969 t=38.0 h=2 st=5 c=-308 chg=
<12>[ 7012.823223] healthd: battery l=99 v=3969 t=38.0 h=2 st=5 c=-283 chg=
<12>[ 7022.722648] healthd: battery l=99 v=3970 t=38.0 h=2 st=5 c=-289 chg=
<12>[ 7032.622514] healthd: battery l=99 v=3969 t=38.0 h=2 st=5 c=-286 chg=
<12>[ 7042.522473] healthd: battery l=99 v=3983 t=38.0 h=2 st=5 c=-286 chg=
<12>[ 7052.421825] healthd: battery l=99 v=3972 t=38.0 h=2 st=5 c=-286 chg=
<12>[ 7062.322141] healthd: battery l=99 v=3969 t=38.0 h=2 st=5 c=-311 chg=
<12>[ 7072.221657] healthd: battery l=99 v=3968 t=38.0 h=2 st=5 c=-286 chg=
<12>[ 7082.121357] healthd: battery l=99 v=3983 t=38.0 h=2 st=5 c=-283 chg=
<12>[ 7092.021394] healthd: battery l=99 v=3972 t=38.0 h=2 st=5 c=-283 chg=
<12>[ 7101.920895] healthd: battery l=99 v=3970 t=38.0 h=2 st=5 c=-286 chg=
<12>[ 7111.820912] healthd: battery l=99 v=3974 t=38.0 h=2 st=5 c=-286 chg=
<12>[ 7121.720284] healthd: battery l=99 v=3972 t=38.0 h=2 st=5 c=-308 chg=
<12>[ 7131.620085] healthd: battery l=99 v=3970 t=38.0 h=2 st=5 c=-286 chg=
<12>[ 7141.520016] healthd: battery l=99 v=3970 t=38.0 h=2 st=5 c=-283 chg=
<12>[ 7151.420068] healthd: battery l=99 v=3988 t=38.0 h=2 st=5 c=-286 chg=
<12>[ 7161.319634] healthd: battery l=99 v=3977 t=38.0 h=2 st=5 c=-286 chg=
<12>[ 7171.219788] healthd: battery l=99 v=3978 t=38.0 h=2 st=5 c=-283 chg=
<12>[ 7181.118859] healthd: battery l=99 v=3983 t=38.0 h=2 st=5 c=-308 chg=
<12>[ 7191.018915] healthd: battery l=99 v=3975 t=38.0 h=2 st=5 c=-286 chg=
<12>[ 7200.918911] healthd: battery l=99 v=3977 t=38.0 h=2 st=5 c=-286 chg=
<12>[ 7210.818874] healthd: battery l=99 v=3974 t=38.0 h=2 st=5 c=-283 chg=
<12>[ 7215.185809] healthd: battery l=98 v=3954 t=38.0 h=2 st=5 c=-292 chg=u
<6>[ 7215.191853] fan54x_charger: fan54x_charger_chgint_cb
<7>[ 7215.198110] ###dragon#### fan54015_get_charger_statea 0xcb
<6>[ 7215.203887] fan54x_charger: ###dragon#### vbus_state_prev=0x1 vbus_statue_now=0x1
<12>[ 7215.222821] healthd: battery l=98 v=4020 t=38.0 h=2 st=5 c=-292 chg=u
<12>[ 7220.728754] healthd: battery l=98 v=4269 t=38.0 h=2 st=5 c=-106 chg=u
<12>[ 7230.623096] healthd: battery l=98 v=4263 t=39.0 h=2 st=5 c=-106 chg=u
<12>[ 7240.517789] healthd: battery l=98 v=4268 t=39.0 h=2 st=5 c=-122 chg=u
<12>[ 7250.417433] healthd: battery l=98 v=4269 t=39.0 h=2 st=5 c=-106 chg=u
<12>[ 7260.317587] healthd: battery l=98 v=4262 t=39.0 h=2 st=5 c=-106 chg=u
<12>[ 7270.217700] healthd: battery l=98 v=4267 t=39.0 h=2 st=5 c=-106 chg=u
<12>[ 7274.494856] healthd: battery l=98 v=4270 t=39.0 h=2 st=5 c=-109 chg=u
<12>[ 7280.117128] healthd: battery l=98 v=4265 t=39.0 h=2 st=5 c=-103 chg=u
<12>[ 7290.016435] healthd: battery l=98 v=4268 t=39.0 h=2 st=5 c=-106 chg=u
<12>[ 7299.916661] healthd: battery l=98 v=4265 t=39.0 h=2 st=5 c=-122 chg=u
<12>[ 7309.816020] healthd: battery l=98 v=4268 t=39.0 h=2 st=5 c=-106 chg=u
<12>[ 7319.716167] healthd: battery l=98 v=4268 t=39.0 h=2 st=5 c=-106 chg=u
<12>[ 7329.615828] healthd: battery l=98 v=4263 t=39.0 h=2 st=5 c=-106 chg=u
<12>[ 7333.775617] healthd: battery l=98 v=4267 t=39.0 h=2 st=5 c=-109 chg=u
<12>[ 7339.515329] healthd: battery l=98 v=4182 t=39.0 h=2 st=5 c=-103 chg=u
<12>[ 7349.415757] healthd: battery l=98 v=4205 t=39.0 h=2 st=5 c=-115 chg=u
<12>[ 7359.325978] healthd: battery l=98 v=4264 t=39.0 h=2 st=5 c=-122 chg=u
<12>[ 7369.214923] healthd: battery l=98 v=4264 t=39.0 h=2 st=5 c=-106 chg=u
<12>[ 7379.114722] healthd: battery l=98 v=4267 t=39.0 h=2 st=5 c=-106 chg=u
<12>[ 7389.015271] healthd: battery l=98 v=4267 t=39.0 h=2 st=5 c=-106 chg=u
<12>[ 7393.056165] healthd: battery l=98 v=4273 t=39.0 h=2 st=5 c=-109 chg=u
<12>[ 7398.914387] healthd: battery l=98 v=4267 t=39.0 h=2 st=5 c=-106 chg=u
<12>[ 7408.814414] healthd: battery l=98 v=4262 t=39.0 h=2 st=5 c=-106 chg=u
<12>[ 7418.714356] healthd: battery l=98 v=4267 t=40.0 h=2 st=5 c=-106 chg=u
<12>[ 7428.613716] healthd: battery l=98 v=4265 t=39.0 h=2 st=5 c=-106 chg=u
<12>[ 7438.513518] healthd: battery l=98 v=4108 t=40.0 h=2 st=5 c=-106 chg=u
<12>[ 7448.421418] healthd: battery l=98 v=4268 t=39.0 h=2 st=5 c=-106 chg=u
<12>[ 7452.335090] healthd: battery l=98 v=4260 t=39.0 h=2 st=5 c=-109 chg=u
<12>[ 7458.312825] healthd: battery l=98 v=4259 t=39.0 h=2 st=5 c=-103 chg=u
<12>[ 7468.212155] healthd: battery l=98 v=4265 t=39.0 h=2 st=5 c=-109 chg=u
